Archive member included to satisfy reference by file (symbol)

/usr/lib/gcc/arm-none-eabi/10.3.1/thumb/v6-m/nofp/libgcc.a(_dvmd_tls.o)
                              CMakeFiles/release.dir/home/jfhorwitz/pico/pico-sdk/src/rp2_common/pico_divider/divider.S.obj (__aeabi_idiv0)
/usr/lib/gcc/arm-none-eabi/10.3.1/../../../arm-none-eabi/lib/thumb/v6-m/nofp/libc.a(lib_a-atexit.o)
                              /usr/lib/gcc/arm-none-eabi/10.3.1/../../../arm-none-eabi/lib/thumb/v6-m/nofp/crt0.o (atexit)
/usr/lib/gcc/arm-none-eabi/10.3.1/../../../arm-none-eabi/lib/thumb/v6-m/nofp/libc.a(lib_a-calloc.o)
                              CMakeFiles/release.dir/home/jfhorwitz/pico/pico-sdk/src/rp2_common/pico_malloc/pico_malloc.c.obj (calloc)
/usr/lib/gcc/arm-none-eabi/10.3.1/../../../arm-none-eabi/lib/thumb/v6-m/nofp/libc.a(lib_a-callocr.o)
                              /usr/lib/gcc/arm-none-eabi/10.3.1/../../../arm-none-eabi/lib/thumb/v6-m/nofp/libc.a(lib_a-calloc.o) (_calloc_r)
/usr/lib/gcc/arm-none-eabi/10.3.1/../../../arm-none-eabi/lib/thumb/v6-m/nofp/libc.a(lib_a-fini.o)
                              /usr/lib/gcc/arm-none-eabi/10.3.1/../../../arm-none-eabi/lib/thumb/v6-m/nofp/crt0.o (__libc_fini_array)
/usr/lib/gcc/arm-none-eabi/10.3.1/../../../arm-none-eabi/lib/thumb/v6-m/nofp/libc.a(lib_a-impure.o)
                              /usr/lib/gcc/arm-none-eabi/10.3.1/../../../arm-none-eabi/lib/thumb/v6-m/nofp/libc.a(lib_a-calloc.o) (_impure_ptr)
/usr/lib/gcc/arm-none-eabi/10.3.1/../../../arm-none-eabi/lib/thumb/v6-m/nofp/libc.a(lib_a-init.o)
                              /usr/lib/gcc/arm-none-eabi/10.3.1/../../../arm-none-eabi/lib/thumb/v6-m/nofp/crt0.o (__libc_init_array)
/usr/lib/gcc/arm-none-eabi/10.3.1/../../../arm-none-eabi/lib/thumb/v6-m/nofp/libc.a(lib_a-malloc.o)
                              CMakeFiles/release.dir/home/jfhorwitz/pico/pico-sdk/src/rp2_common/pico_malloc/pico_malloc.c.obj (malloc)
/usr/lib/gcc/arm-none-eabi/10.3.1/../../../arm-none-eabi/lib/thumb/v6-m/nofp/libc.a(lib_a-mallocr.o)
                              /usr/lib/gcc/arm-none-eabi/10.3.1/../../../arm-none-eabi/lib/thumb/v6-m/nofp/libc.a(lib_a-callocr.o) (_malloc_r)
/usr/lib/gcc/arm-none-eabi/10.3.1/../../../arm-none-eabi/lib/thumb/v6-m/nofp/libc.a(lib_a-mlock.o)
                              /usr/lib/gcc/arm-none-eabi/10.3.1/../../../arm-none-eabi/lib/thumb/v6-m/nofp/libc.a(lib_a-mallocr.o) (__malloc_lock)
/usr/lib/gcc/arm-none-eabi/10.3.1/../../../arm-none-eabi/lib/thumb/v6-m/nofp/libc.a(lib_a-realloc.o)
                              CMakeFiles/release.dir/home/jfhorwitz/pico/pico-sdk/src/rp2_common/pico_malloc/pico_malloc.c.obj (realloc)
/usr/lib/gcc/arm-none-eabi/10.3.1/../../../arm-none-eabi/lib/thumb/v6-m/nofp/libc.a(lib_a-reallocr.o)
                              /usr/lib/gcc/arm-none-eabi/10.3.1/../../../arm-none-eabi/lib/thumb/v6-m/nofp/libc.a(lib_a-realloc.o) (_realloc_r)
/usr/lib/gcc/arm-none-eabi/10.3.1/../../../arm-none-eabi/lib/thumb/v6-m/nofp/libc.a(lib_a-sbrkr.o)
                              /usr/lib/gcc/arm-none-eabi/10.3.1/../../../arm-none-eabi/lib/thumb/v6-m/nofp/libc.a(lib_a-mallocr.o) (_sbrk_r)
/usr/lib/gcc/arm-none-eabi/10.3.1/../../../arm-none-eabi/lib/thumb/v6-m/nofp/libc.a(lib_a-strlen-stub.o)
                              CMakeFiles/release.dir/home/jfhorwitz/pico/pico-sdk/src/rp2_common/pico_stdio/stdio.c.obj (strlen)
/usr/lib/gcc/arm-none-eabi/10.3.1/../../../arm-none-eabi/lib/thumb/v6-m/nofp/libc.a(lib_a-__atexit.o)
                              /usr/lib/gcc/arm-none-eabi/10.3.1/../../../arm-none-eabi/lib/thumb/v6-m/nofp/libc.a(lib_a-atexit.o) (__register_exitproc)
/usr/lib/gcc/arm-none-eabi/10.3.1/../../../arm-none-eabi/lib/thumb/v6-m/nofp/libc.a(lib_a-freer.o)
                              /usr/lib/gcc/arm-none-eabi/10.3.1/../../../arm-none-eabi/lib/thumb/v6-m/nofp/libc.a(lib_a-malloc.o) (_free_r)
/usr/lib/gcc/arm-none-eabi/10.3.1/../../../arm-none-eabi/lib/thumb/v6-m/nofp/libc.a(lib_a-memmove.o)
                              /usr/lib/gcc/arm-none-eabi/10.3.1/../../../arm-none-eabi/lib/thumb/v6-m/nofp/libc.a(lib_a-reallocr.o) (memmove)
/usr/lib/gcc/arm-none-eabi/10.3.1/../../../arm-none-eabi/lib/thumb/v6-m/nofp/libc.a(lib_a-reent.o)
                              /usr/lib/gcc/arm-none-eabi/10.3.1/../../../arm-none-eabi/lib/thumb/v6-m/nofp/libc.a(lib_a-sbrkr.o) (errno)

Discarded input sections

 .text          0x0000000000000000        0x0 /usr/lib/gcc/arm-none-eabi/10.3.1/thumb/v6-m/nofp/crti.o
 .data          0x0000000000000000        0x0 /usr/lib/gcc/arm-none-eabi/10.3.1/thumb/v6-m/nofp/crti.o
 .bss           0x0000000000000000        0x0 /usr/lib/gcc/arm-none-eabi/10.3.1/thumb/v6-m/nofp/crti.o
 .data          0x0000000000000000        0x4 /usr/lib/gcc/arm-none-eabi/10.3.1/thumb/v6-m/nofp/crtbegin.o
 .rodata        0x0000000000000000       0x24 /usr/lib/gcc/arm-none-eabi/10.3.1/thumb/v6-m/nofp/crtbegin.o
 .fini_array    0x0000000000000000        0x4 /usr/lib/gcc/arm-none-eabi/10.3.1/thumb/v6-m/nofp/crtbegin.o
[...]
Memory Configuration

Name             Origin             Length             Attributes
FLASH            0x0000000010000000 0x0000000000200000 xr
RAM              0x0000000020000000 0x0000000000040000 xrw
SCRATCH_X        0x0000000020040000 0x0000000000001000 xrw
SCRATCH_Y        0x0000000020041000 0x0000000000001000 xrw
*default*        0x0000000000000000 0xffffffffffffffff

Linker script and memory map

LOAD /usr/lib/gcc/arm-none-eabi/10.3.1/thumb/v6-m/nofp/crti.o
LOAD /usr/lib/gcc/arm-none-eabi/10.3.1/thumb/v6-m/nofp/crtbegin.o
LOAD /usr/lib/gcc/arm-none-eabi/10.3.1/../../../arm-none-eabi/lib/thumb/v6-m/nofp/crt0.o

.flash_begin    0x0000000010000000        0x0
                0x0000000010000000                __flash_binary_start = .

.boot2          0x0000000010000000      0x100
                0x0000000010000000                __boot2_start__ = .
 *(.boot2)
 .boot2         0x0000000010000000      0x100 /tmp/cc7Hsljf.o
                0x0000000010000100                __boot2_end__ = .
                0x0000000000000001                ASSERT (((__boot2_end__ - __boot2_start__) == 0x100), ERROR: Pico second stage bootloader must be 256 bytes in size)

.text           0x0000000010000100     0xa938
                0x0000000010000100                __logical_binary_start = .
 *(.vectors)
 .vectors       0x0000000010000100       0xd4 CMakeFiles/release.dir/home/jfhorwitz/pico/pico-sdk/src/rp2_common/pico_standard_link/crt0.S.obj
                0x0000000010000100                __vectors
                0x0000000010000100                __VECTOR_TABLE
                0x00000000100001c0                isr_invalid
                0x00000000100001c0                __default_isrs_start
                0x00000000100001c2                isr_nmi
                0x00000000100001c4                isr_hardfault
                0x00000000100001c6                isr_svcall
                0x00000000100001c8                isr_pendsv
                0x00000000100001ca                isr_systick
                0x00000000100001cc                isr_irq30
                0x00000000100001cc                __unhandled_user_irq
                0x00000000100001cc                isr_irq13
                0x00000000100001cc                isr_irq27
                0x00000000100001cc                isr_irq31
                0x00000000100001cc                isr_irq5
                0x00000000100001cc                isr_irq11
                0x00000000100001cc                isr_irq23
                0x00000000100001cc                isr_irq18
                0x00000000100001cc                isr_irq28
                0x00000000100001cc                isr_irq19
                0x00000000100001cc                isr_irq0
                0x00000000100001cc                isr_irq6
                0x00000000100001cc                isr_irq22
                0x00000000100001cc                isr_irq17
                0x00000000100001cc                isr_irq14
                0x00000000100001cc                isr_irq2
                0x00000000100001cc                isr_irq10
                0x00000000100001cc                isr_irq8
                0x00000000100001cc                isr_irq24
                0x00000000100001cc                isr_irq1
                0x00000000100001cc                isr_irq7
                0x00000000100001cc                isr_irq21
                0x00000000100001cc                isr_irq20
                0x00000000100001cc                isr_irq15
                0x00000000100001cc                isr_irq25
                0x00000000100001cc                isr_irq4
                0x00000000100001cc                isr_irq16
                0x00000000100001cc                isr_irq29
                0x00000000100001cc                isr_irq26
                0x00000000100001cc                __default_isrs_end
                0x00000000100001cc                isr_irq3
                0x00000000100001cc                isr_irq12
                0x00000000100001cc                isr_irq9
                0x00000000100001d2                unhandled_user_irq_num_in_r0
 *(.binary_info_header)
 .binary_info_header
                0x00000000100001d4       0x14 CMakeFiles/release.dir/home/jfhorwitz/pico/pico-sdk/src/rp2_common/pico_standard_link/crt0.S.obj
                0x00000000100001e8                __binary_info_header_end = .
 *(.reset)
 .reset         0x00000000100001e8       0xa0 CMakeFiles/release.dir/home/jfhorwitz/pico/pico-sdk/src/rp2_common/pico_standard_link/crt0.S.obj
                0x00000000100001e8                _entry_point
 .reset         0x0000000010000288       0x30 CMakeFiles/release.dir/home/jfhorwitz/pico/pico-sdk/src/rp2_common/pico_standard_link/binary_info.c.obj
 *(.init)
 .init          0x00000000100002b8        0x4 /usr/lib/gcc/arm-none-eabi/10.3.1/thumb/v6-m/nofp/crti.o
                0x00000000100002b8                _init
 *(EXCLUDE_FILE(*libm.a: *libc.a:*lib_a-mem*.o *libgcc.a:) .text*)
 .text          0x00000000100002bc       0x98 /usr/lib/gcc/arm-none-eabi/10.3.1/thumb/v6-m/nofp/crtbegin.o
 .text.core1_entry
                0x0000000010000354      0x308 CMakeFiles/release.dir/main.c.obj
                0x0000000010000354                core1_entry
 .text.initMotion
                0x000000001000065c        0xc CMakeFiles/release.dir/main.c.obj
                0x000000001000065c                initMotion
 .text.startup.main
                0x0000000010000668      0x248 CMakeFiles/release.dir/main.c.obj
                0x0000000010000668                main
 .text.bmi2_i2c_read
                0x00000000100008b0       0x38 CMakeFiles/release.dir/common.c.obj
                0x00000000100008b0                bmi2_i2c_read
 .text.bmi2_delay_us
                0x00000000100008e8        0xc CMakeFiles/release.dir/common.c.obj
                0x00000000100008e8                bmi2_delay_us
 .text.bmi2_i2c_write
                0x00000000100008f4       0x54 CMakeFiles/release.dir/common.c.obj
                0x00000000100008f4                bmi2_i2c_write
 .text.bmi2_interface_init
                0x0000000010000948       0x64 CMakeFiles/release.dir/common.c.obj
                0x0000000010000948                bmi2_interface_init
 .text.bmi2_error_codes_print_result
                0x00000000100009ac      0x224 CMakeFiles/release.dir/common.c.obj
                0x00000000100009ac                bmi2_error_codes_print_result
 .text.bmi270_init
                0x0000000010000bd0       0x80 CMakeFiles/release.dir/bmi270.c.obj
                0x0000000010000bd0                bmi270_init
 .text.bmi2_set_regs.constprop.0
                0x0000000010000c50       0x94 CMakeFiles/release.dir/bmi2.c.obj
 .text.bmi2_set_regs.constprop.1
                0x0000000010000ce4       0xe4 CMakeFiles/release.dir/bmi2.c.obj
 .text.bmi2_get_regs.constprop.0
                0x0000000010000dc8       0x74 CMakeFiles/release.dir/bmi2.c.obj
 .text.set_gyro_config
                0x0000000010000e3c      0x108 CMakeFiles/release.dir/bmi2.c.obj
 .text.bmi2_get_regs.constprop.3
                0x0000000010000f44       0x7c CMakeFiles/release.dir/bmi2.c.obj
 .text.get_remapped_data.isra.0
                0x0000000010000fc0       0x70 CMakeFiles/release.dir/bmi2.c.obj
 .text.set_accel_config
                0x0000000010001030       0xdc CMakeFiles/release.dir/bmi2.c.obj
 .text.get_gyro_config
                0x000000001000110c       0x98 CMakeFiles/release.dir/bmi2.c.obj
 .text.sensor_enable
                0x00000000100011a4       0xe4 CMakeFiles/release.dir/bmi2.c.obj
 .text.get_aux_config
                0x0000000010001288       0xd8 CMakeFiles/release.dir/bmi2.c.obj
 .text.bmi2_get_regs
                0x0000000010001360       0x90 CMakeFiles/release.dir/bmi2.c.obj
                0x0000000010001360                bmi2_get_regs
 .text.bmi2_set_regs
                0x00000000100013f0       0xdc CMakeFiles/release.dir/bmi2.c.obj
                0x00000000100013f0                bmi2_set_regs
 .text.bmi2_set_adv_power_save
                0x00000000100014cc       0xa0 CMakeFiles/release.dir/bmi2.c.obj
                0x00000000100014cc                bmi2_set_adv_power_save
 .text.bmi2_write_config_file
                0x000000001000156c      0x268 CMakeFiles/release.dir/bmi2.c.obj
                0x000000001000156c                bmi2_write_config_file
 .text.bmi2_soft_reset
                0x00000000100017d4       0x7c CMakeFiles/release.dir/bmi2.c.obj
                0x00000000100017d4                bmi2_soft_reset
 .text.bmi2_sec_init
                0x0000000010001850       0x84 CMakeFiles/release.dir/bmi2.c.obj
                0x0000000010001850                bmi2_sec_init
 .text.bmi2_sensor_enable
                0x00000000100018d4       0x98 CMakeFiles/release.dir/bmi2.c.obj
                0x00000000100018d4                bmi2_sensor_enable
 .text.bmi2_parse_sensor_data
                0x000000001000196c      0x154 CMakeFiles/release.dir/bmi2.c.obj
                0x000000001000196c                bmi2_parse_sensor_data
 .text.bmi2_get_sensor_data
                0x0000000010001ac0       0x88 CMakeFiles/release.dir/bmi2.c.obj
                0x0000000010001ac0                bmi2_get_sensor_data
 .text.bmi2_map_data_int
                0x0000000010001b48       0xe8 CMakeFiles/release.dir/bmi2.c.obj
                0x0000000010001b48                bmi2_map_data_int
 .text.bmi2_get_feat_config
                0x0000000010001c30      0x228 CMakeFiles/release.dir/bmi2.c.obj
                0x0000000010001c30                bmi2_get_feat_config
 .text.get_gyro_cross_sense
                0x0000000010001e58       0x84 CMakeFiles/release.dir/bmi2.c.obj
 .text.bmi2_get_gyro_cross_sense
                0x0000000010001edc       0xe4 CMakeFiles/release.dir/bmi2.c.obj
                0x0000000010001edc                bmi2_get_gyro_cross_sense
 .text.bmi2_set_sensor_config
                0x0000000010001fc0      0x4b8 CMakeFiles/release.dir/bmi2.c.obj
                0x0000000010001fc0                bmi2_set_sensor_config
 .text.get_gyro_gain_update_config
                0x0000000010002478       0x94 CMakeFiles/release.dir/bmi2.c.obj
 .text.bmi2_get_sensor_config
                0x000000001000250c      0x124 CMakeFiles/release.dir/bmi2.c.obj
                0x000000001000250c                bmi2_get_sensor_config
 .text.gpio_set_function
                0x0000000010002630       0x30 CMakeFiles/release.dir/home/jfhorwitz/pico/pico-sdk/src/rp2_common/hardware_gpio/gpio.c.obj
                0x0000000010002630                gpio_set_function
 .text.running_on_fpga
                0x0000000010002660       0x10 CMakeFiles/release.dir/home/jfhorwitz/pico/pico-sdk/src/rp2_common/pico_platform/platform.c.obj
                0x0000000010002660                running_on_fpga
 .text.hw_claim_lock
                0x0000000010002670       0x18 CMakeFiles/release.dir/home/jfhorwitz/pico/pico-sdk/src/rp2_common/hardware_claim/claim.c.obj
                0x0000000010002670                hw_claim_lock
 .text.hw_claim_unlock
                0x0000000010002688       0x14 CMakeFiles/release.dir/home/jfhorwitz/pico/pico-sdk/src/rp2_common/hardware_claim/claim.c.obj
                0x0000000010002688                hw_claim_unlock
 .text.hw_claim_or_assert
                0x000000001000269c       0x44 CMakeFiles/release.dir/home/jfhorwitz/pico/pico-sdk/src/rp2_common/hardware_claim/claim.c.obj
                0x000000001000269c                hw_claim_or_assert
 .text.hw_claim_unused_from_range
                0x00000000100026e0       0x9c CMakeFiles/release.dir/home/jfhorwitz/pico/pico-sdk/src/rp2_common/hardware_claim/claim.c.obj
                0x00000000100026e0                hw_claim_unused_from_range
 .text.spin_locks_reset
                0x000000001000277c       0x1c CMakeFiles/release.dir/home/jfhorwitz/pico/pico-sdk/src/rp2_common/hardware_sync/sync.c.obj
                0x000000001000277c                spin_locks_reset
 .text.next_striped_spin_lock_num
                0x0000000010002798       0x18 CMakeFiles/release.dir/home/jfhorwitz/pico/pico-sdk/src/rp2_common/hardware_sync/sync.c.obj
                0x0000000010002798                next_striped_spin_lock_num
 .text.spin_lock_claim_unused
                0x00000000100027b0       0x20 CMakeFiles/release.dir/home/jfhorwitz/pico/pico-sdk/src/rp2_common/hardware_sync/sync.c.obj
                0x00000000100027b0                spin_lock_claim_unused
 .text.irq_set_enabled
                0x00000000100027d0       0x24 CMakeFiles/release.dir/home/jfhorwitz/pico/pico-sdk/src/rp2_common/hardware_irq/irq.c.obj
                0x00000000100027d0                irq_set_enabled
 .text.irq_is_enabled
                0x00000000100027f4       0x18 CMakeFiles/release.dir/home/jfhorwitz/pico/pico-sdk/src/rp2_common/hardware_irq/irq.c.obj
                0x00000000100027f4                irq_is_enabled
 .text.irq_set_pending
                0x000000001000280c       0x10 CMakeFiles/release.dir/home/jfhorwitz/pico/pico-sdk/src/rp2_common/hardware_irq/irq.c.obj
                0x000000001000280c                irq_set_pending
 .text.irq_has_shared_handler
                0x000000001000281c       0x2c CMakeFiles/release.dir/home/jfhorwitz/pico/pico-sdk/src/rp2_common/hardware_irq/irq.c.obj
                0x000000001000281c                irq_has_shared_handler
 .text.irq_get_vtable_handler
                0x0000000010002848       0x10 CMakeFiles/release.dir/home/jfhorwitz/pico/pico-sdk/src/rp2_common/hardware_irq/irq.c.obj
                0x0000000010002848                irq_get_vtable_handler
 .text.irq_set_exclusive_handler
                0x0000000010002858       0x54 CMakeFiles/release.dir/home/jfhorwitz/pico/pico-sdk/src/rp2_common/hardware_irq/irq.c.obj
                0x0000000010002858                irq_set_exclusive_handler
 .text.irq_add_shared_handler
                0x00000000100028ac      0x1e8 CMakeFiles/release.dir/home/jfhorwitz/pico/pico-sdk/src/rp2_common/hardware_irq/irq.c.obj
                0x00000000100028ac                irq_add_shared_handler
 .text.irq_remove_handler
                0x0000000010002a94      0x1b0 CMakeFiles/release.dir/home/jfhorwitz/pico/pico-sdk/src/rp2_common/hardware_irq/irq.c.obj
                0x0000000010002a94                irq_remove_handler
 .text.irq_add_tail_to_free_list
                0x0000000010002c44       0xb4 CMakeFiles/release.dir/home/jfhorwitz/pico/pico-sdk/src/rp2_common/hardware_irq/irq.c.obj
                0x0000000010002c44                irq_add_tail_to_free_list
 .text.irq_init_priorities
                0x0000000010002cf8       0x24 CMakeFiles/release.dir/home/jfhorwitz/pico/pico-sdk/src/rp2_common/hardware_irq/irq.c.obj
                0x0000000010002cf8                irq_init_priorities
 .text.user_irq_claim_unused
                0x0000000010002d1c       0x28 CMakeFiles/release.dir/home/jfhorwitz/pico/pico-sdk/src/rp2_common/hardware_irq/irq.c.obj
                0x0000000010002d1c                user_irq_claim_unused
 .text.lock_init
                0x0000000010002d44       0x10 CMakeFiles/release.dir/home/jfhorwitz/pico/pico-sdk/src/common/pico_sync/lock_core.c.obj
                0x0000000010002d44                lock_init
 .text.mutex_init
                0x0000000010002d54       0x1c CMakeFiles/release.dir/home/jfhorwitz/pico/pico-sdk/src/common/pico_sync/mutex.c.obj
                0x0000000010002d54                mutex_init
 .text.recursive_mutex_init
                0x0000000010002d70       0x1c CMakeFiles/release.dir/home/jfhorwitz/pico/pico-sdk/src/common/pico_sync/mutex.c.obj
                0x0000000010002d70                recursive_mutex_init
 .text.critical_section_init
                0x0000000010002d8c       0x20 CMakeFiles/release.dir/home/jfhorwitz/pico/pico-sdk/src/common/pico_sync/critical_section.c.obj
                0x0000000010002d8c                critical_section_init
 .text.critical_section_init_with_lock_num
                0x0000000010002dac       0x14 CMakeFiles/release.dir/home/jfhorwitz/pico/pico-sdk/src/common/pico_sync/critical_section.c.obj
                0x0000000010002dac                critical_section_init_with_lock_num
 .text.timer_pool_entry_comparator
                0x0000000010002dc0       0x34 CMakeFiles/release.dir/home/jfhorwitz/pico/pico-sdk/src/common/pico_time/time.c.obj
                0x0000000010002dc0                timer_pool_entry_comparator
 .text.sleep_until_callback
                0x0000000010002df4       0x30 CMakeFiles/release.dir/home/jfhorwitz/pico/pico-sdk/src/common/pico_time/time.c.obj
 .text.add_alarm_under_lock.isra.0
                0x0000000010002e24      0x100 CMakeFiles/release.dir/home/jfhorwitz/pico/pico-sdk/src/common/pico_time/time.c.obj
 .text.alarm_pool_alarm_callback
                0x0000000010002f24      0x1b8 CMakeFiles/release.dir/home/jfhorwitz/pico/pico-sdk/src/common/pico_time/time.c.obj
 .text.alarm_pool_init_default
                0x00000000100030dc       0x6c CMakeFiles/release.dir/home/jfhorwitz/pico/pico-sdk/src/common/pico_time/time.c.obj
                0x00000000100030dc                alarm_pool_init_default
 .text.alarm_pool_get_default
                0x0000000010003148        0x8 CMakeFiles/release.dir/home/jfhorwitz/pico/pico-sdk/src/common/pico_time/time.c.obj
                0x0000000010003148                alarm_pool_get_default
 .text.alarm_pool_add_alarm_at
                0x0000000010003150      0x17c CMakeFiles/release.dir/home/jfhorwitz/pico/pico-sdk/src/common/pico_time/time.c.obj
                0x0000000010003150                alarm_pool_add_alarm_at
 .text.alarm_pool_cancel_alarm
                0x00000000100032cc       0x74 CMakeFiles/release.dir/home/jfhorwitz/pico/pico-sdk/src/common/pico_time/time.c.obj
                0x00000000100032cc                alarm_pool_cancel_alarm
 .text.alarm_pool_core_num
                0x0000000010003340        0x4 CMakeFiles/release.dir/home/jfhorwitz/pico/pico-sdk/src/common/pico_time/time.c.obj
                0x0000000010003340                alarm_pool_core_num
 .text.sleep_until
                0x0000000010003344       0xc4 CMakeFiles/release.dir/home/jfhorwitz/pico/pico-sdk/src/common/pico_time/time.c.obj
                0x0000000010003344                sleep_until
 .text.sleep_us
                0x0000000010003408       0x24 CMakeFiles/release.dir/home/jfhorwitz/pico/pico-sdk/src/common/pico_time/time.c.obj
                0x0000000010003408                sleep_us
 .text.sleep_ms
                0x000000001000342c       0x34 CMakeFiles/release.dir/home/jfhorwitz/pico/pico-sdk/src/common/pico_time/time.c.obj
                0x000000001000342c                sleep_ms
 .text.best_effort_wfe_or_timeout
                0x0000000010003460       0x78 CMakeFiles/release.dir/home/jfhorwitz/pico/pico-sdk/src/common/pico_time/time.c.obj
                0x0000000010003460                best_effort_wfe_or_timeout
 .text.hardware_alarm_irq_handler
                0x00000000100034d8       0xbc CMakeFiles/release.dir/home/jfhorwitz/pico/pico-sdk/src/rp2_common/hardware_timer/timer.c.obj
 .text.hardware_alarm_claim
                0x0000000010003594       0x18 CMakeFiles/release.dir/home/jfhorwitz/pico/pico-sdk/src/rp2_common/hardware_timer/timer.c.obj
                0x0000000010003594                hardware_alarm_claim
 .text.time_us_64
                0x00000000100035ac       0x14 CMakeFiles/release.dir/home/jfhorwitz/pico/pico-sdk/src/rp2_common/hardware_timer/timer.c.obj
                0x00000000100035ac                time_us_64
 .text.busy_wait_until
                0x00000000100035c0       0x20 CMakeFiles/release.dir/home/jfhorwitz/pico/pico-sdk/src/rp2_common/hardware_timer/timer.c.obj
                0x00000000100035c0                busy_wait_until
 .text.hardware_alarm_set_callback
                0x00000000100035e0       0x8c CMakeFiles/release.dir/home/jfhorwitz/pico/pico-sdk/src/rp2_common/hardware_timer/timer.c.obj
                0x00000000100035e0                hardware_alarm_set_callback
 .text.hardware_alarm_set_target
                0x000000001000366c       0xe0 CMakeFiles/release.dir/home/jfhorwitz/pico/pico-sdk/src/rp2_common/hardware_timer/timer.c.obj
                0x000000001000366c                hardware_alarm_set_target
 .text.hardware_alarm_cancel
                0x000000001000374c       0x3c CMakeFiles/release.dir/home/jfhorwitz/pico/pico-sdk/src/rp2_common/hardware_timer/timer.c.obj
                0x000000001000374c                hardware_alarm_cancel
 .text.ph_merge_nodes
                0x0000000010003788       0x68 CMakeFiles/release.dir/home/jfhorwitz/pico/pico-sdk/src/common/pico_util/pheap.c.obj
 .text.ph_post_alloc_init
                0x00000000100037f0       0x3c CMakeFiles/release.dir/home/jfhorwitz/pico/pico-sdk/src/common/pico_util/pheap.c.obj
                0x00000000100037f0                ph_post_alloc_init
 .text.ph_merge_two_pass
                0x000000001000382c       0x90 CMakeFiles/release.dir/home/jfhorwitz/pico/pico-sdk/src/common/pico_util/pheap.c.obj
                0x000000001000382c                ph_merge_two_pass
 .text.ph_remove_any_head
                0x00000000100038bc      0x100 CMakeFiles/release.dir/home/jfhorwitz/pico/pico-sdk/src/common/pico_util/pheap.c.obj
 .text.ph_remove_head
                0x00000000100039bc      0x104 CMakeFiles/release.dir/home/jfhorwitz/pico/pico-sdk/src/common/pico_util/pheap.c.obj
                0x00000000100039bc                ph_remove_head
 .text.ph_remove_and_free_node
                0x0000000010003ac0       0x7c CMakeFiles/release.dir/home/jfhorwitz/pico/pico-sdk/src/common/pico_util/pheap.c.obj
                0x0000000010003ac0                ph_remove_and_free_node
 .text.clocks_init
                0x0000000010003b3c      0x2bc CMakeFiles/release.dir/home/jfhorwitz/pico/pico-sdk/src/rp2_common/hardware_clocks/clocks.c.obj
                0x0000000010003b3c                clocks_init
 .text.clock_get_hz
                0x0000000010003df8        0xc CMakeFiles/release.dir/home/jfhorwitz/pico/pico-sdk/src/rp2_common/hardware_clocks/clocks.c.obj
                0x0000000010003df8                clock_get_hz
 .text.pll_init
                0x0000000010003e04       0xb0 CMakeFiles/release.dir/home/jfhorwitz/pico/pico-sdk/src/rp2_common/hardware_pll/pll.c.obj
                0x0000000010003e04                pll_init
 .text.watchdog_start_tick
                0x0000000010003eb4       0x10 CMakeFiles/release.dir/home/jfhorwitz/pico/pico-sdk/src/rp2_common/hardware_watchdog/watchdog.c.obj
                0x0000000010003eb4                watchdog_start_tick
 .text.watchdog_reboot
                0x0000000010003ec4       0x98 CMakeFiles/release.dir/home/jfhorwitz/pico/pico-sdk/src/rp2_common/hardware_watchdog/watchdog.c.obj
                0x0000000010003ec4                watchdog_reboot
 .text.xosc_init
                0x0000000010003f5c       0x28 CMakeFiles/release.dir/home/jfhorwitz/pico/pico-sdk/src/rp2_common/hardware_xosc/xosc.c.obj
                0x0000000010003f5c                xosc_init
 .text.runtime_init
                0x0000000010003f84       0xf0 CMakeFiles/release.dir/home/jfhorwitz/pico/pico-sdk/src/rp2_common/pico_runtime/runtime.c.obj
                0x0000000010003f84                runtime_init
 .text._exit    0x0000000010004074        0x4 CMakeFiles/release.dir/home/jfhorwitz/pico/pico-sdk/src/rp2_common/pico_runtime/runtime.c.obj
                0x0000000010004074                _exit
 .text._sbrk    0x0000000010004078       0x34 CMakeFiles/release.dir/home/jfhorwitz/pico/pico-sdk/src/rp2_common/pico_runtime/runtime.c.obj
                0x0000000010004078                _sbrk
 .text.exit     0x00000000100040ac        0x8 CMakeFiles/release.dir/home/jfhorwitz/pico/pico-sdk/src/rp2_common/pico_runtime/runtime.c.obj
                0x00000000100040ac                exit
 .text.panic    0x00000000100040b4       0x30 CMakeFiles/release.dir/home/jfhorwitz/pico/pico-sdk/src/rp2_common/pico_runtime/runtime.c.obj
                0x00000000100040b4                panic
 .text.hard_assertion_failure
                0x00000000100040e4        0xc CMakeFiles/release.dir/home/jfhorwitz/pico/pico-sdk/src/rp2_common/pico_runtime/runtime.c.obj
                0x00000000100040e4                hard_assertion_failure
 .text._out_null
                0x00000000100040f0        0x4 CMakeFiles/release.dir/home/jfhorwitz/pico/pico-sdk/src/rp2_common/pico_printf/printf.c.obj
 .text._out_rev
                0x00000000100040f4       0x9c CMakeFiles/release.dir/home/jfhorwitz/pico/pico-sdk/src/rp2_common/pico_printf/printf.c.obj
 .text._ntoa_format
                0x0000000010004190      0x1cc CMakeFiles/release.dir/home/jfhorwitz/pico/pico-sdk/src/rp2_common/pico_printf/printf.c.obj
 .text._out_char
                0x000000001000435c       0x10 CMakeFiles/release.dir/home/jfhorwitz/pico/pico-sdk/src/rp2_common/pico_printf/printf.c.obj
 .text._out_fct
                0x000000001000436c       0x10 CMakeFiles/release.dir/home/jfhorwitz/pico/pico-sdk/src/rp2_common/pico_printf/printf.c.obj
 .text._etoa    0x000000001000437c      0x44c CMakeFiles/release.dir/home/jfhorwitz/pico/pico-sdk/src/rp2_common/pico_printf/printf.c.obj
 .text._ftoa    0x00000000100047c8      0x398 CMakeFiles/release.dir/home/jfhorwitz/pico/pico-sdk/src/rp2_common/pico_printf/printf.c.obj
 .text._vsnprintf
                0x0000000010004b60      0xb04 CMakeFiles/release.dir/home/jfhorwitz/pico/pico-sdk/src/rp2_common/pico_printf/printf.c.obj
 .text.vfctprintf
                0x0000000010005664       0x20 CMakeFiles/release.dir/home/jfhorwitz/pico/pico-sdk/src/rp2_common/pico_printf/printf.c.obj
                0x0000000010005664                vfctprintf
 .text.weak_raw_vprintf
                0x0000000010005684       0x30 CMakeFiles/release.dir/home/jfhorwitz/pico/pico-sdk/src/rp2_common/pico_printf/printf.c.obj
                0x0000000010005684                weak_raw_vprintf
 .text          0x00000000100056b4       0x10 CMakeFiles/release.dir/home/jfhorwitz/pico/pico-sdk/src/rp2_common/pico_bit_ops/bit_ops_aeabi.S.obj
 .text.rom_func_lookup
                0x00000000100056c4       0x10 CMakeFiles/release.dir/home/jfhorwitz/pico/pico-sdk/src/rp2_common/pico_bootrom/bootrom.c.obj
                0x00000000100056c4                rom_func_lookup
 .text.rom_data_lookup
                0x00000000100056d4       0x10 CMakeFiles/release.dir/home/jfhorwitz/pico/pico-sdk/src/rp2_common/pico_bootrom/bootrom.c.obj
                0x00000000100056d4                rom_data_lookup
 .text.rom_funcs_lookup
                0x00000000100056e4       0x44 CMakeFiles/release.dir/home/jfhorwitz/pico/pico-sdk/src/rp2_common/pico_bootrom/bootrom.c.obj
                0x00000000100056e4                rom_funcs_lookup
 .text.__wrap___aeabi_idiv
                0x0000000010005728       0x50 CMakeFiles/release.dir/home/jfhorwitz/pico/pico-sdk/src/rp2_common/pico_divider/divider.S.obj
                0x0000000010005728                __wrap___aeabi_idivmod
                0x0000000010005728                divmod_s32s32
                0x0000000010005728                div_s32s32
                0x0000000010005728                __wrap___aeabi_idiv
                0x0000000010005730                divmod_s32s32_unsafe
                0x000000001000575c                divmod_s32s32_savestate
 .text.__wrap___aeabi_uidiv
                0x0000000010005778       0x4c CMakeFiles/release.dir/home/jfhorwitz/pico/pico-sdk/src/rp2_common/pico_divider/divider.S.obj
                0x0000000010005778                __wrap___aeabi_uidiv
                0x0000000010005778                __wrap___aeabi_uidivmod
                0x0000000010005778                div_u32u32
                0x0000000010005778                divmod_u32u32
                0x0000000010005780                divmod_u32u32_unsafe
                0x00000000100057a8                divmod_u32u32_savestate
 .text.__wrap___aeabi_ldiv
                0x00000000100057c4      0x424 CMakeFiles/release.dir/home/jfhorwitz/pico/pico-sdk/src/rp2_common/pico_divider/divider.S.obj
                0x00000000100057c4                div_s64s64
                0x00000000100057c4                divmod_s64s64
                0x00000000100057c4                __wrap___aeabi_ldivmod
                0x00000000100057f4                div_u64u64
                0x00000000100057f4                divmod_u64u64
                0x00000000100057f4                __wrap___aeabi_uldivmod
                0x0000000010005804                divmod_u64u64_savestate
                0x0000000010005824                divmod_s64s64_unsafe
                0x00000000100058ac                divmod_u64u64_unsafe
 .text.__wrap___aeabi_darithmetic
                0x0000000010005be8       0x80 CMakeFiles/release.dir/home/jfhorwitz/pico/pico-sdk/src/rp2_common/pico_double/double_aeabi.S.obj
                0x0000000010005be8                __wrap___aeabi_drsub
                0x0000000010005bee                __wrap___aeabi_dsub
                0x0000000010005c00                __wrap___aeabi_dadd
                0x0000000010005c12                __wrap___aeabi_ddiv
                0x0000000010005c4e                __wrap___aeabi_dmul
 .text.__wrap___aeabi_cdcmple
                0x0000000010005c68       0x6c CMakeFiles/release.dir/home/jfhorwitz/pico/pico-sdk/src/rp2_common/pico_double/double_aeabi.S.obj
                0x0000000010005c68                __wrap___aeabi_cdrcmple
                0x0000000010005c78                __wrap___aeabi_cdcmple
                0x0000000010005c78                __wrap___aeabi_cdcmpeq
 .text.__wrap___aeabi_dcmpeq
                0x0000000010005cd4       0x10 CMakeFiles/release.dir/home/jfhorwitz/pico/pico-sdk/src/rp2_common/pico_double/double_aeabi.S.obj
                0x0000000010005cd4                __wrap___aeabi_dcmpeq
 .text.__wrap___aeabi_dcmplt
                0x0000000010005ce4        0xc CMakeFiles/release.dir/home/jfhorwitz/pico/pico-sdk/src/rp2_common/pico_double/double_aeabi.S.obj
                0x0000000010005ce4                __wrap___aeabi_dcmplt
 .text.__wrap___aeabi_dcmple
                0x0000000010005cf0       0x10 CMakeFiles/release.dir/home/jfhorwitz/pico/pico-sdk/src/rp2_common/pico_double/double_aeabi.S.obj
                0x0000000010005cf0                __wrap___aeabi_dcmple
 .text.__wrap___aeabi_dcmpge
                0x0000000010005d00       0x10 CMakeFiles/release.dir/home/jfhorwitz/pico/pico-sdk/src/rp2_common/pico_double/double_aeabi.S.obj
                0x0000000010005d00                __wrap___aeabi_dcmpge
 .text.__wrap___aeabi_dcmpgt
                0x0000000010005d10        0xa CMakeFiles/release.dir/home/jfhorwitz/pico/pico-sdk/src/rp2_common/pico_double/double_aeabi.S.obj
                0x0000000010005d10                __wrap___aeabi_dcmpgt
 .text.__wrap___aeabi_dcmpun
                0x0000000010005d1a       0x1c CMakeFiles/release.dir/home/jfhorwitz/pico/pico-sdk/src/rp2_common/pico_double/double_aeabi.S.obj
                0x0000000010005d1a                __wrap___aeabi_dcmpun
 *fill*         0x0000000010005d36        0x2 
 .text.__wrap___aeabi_i2d
                0x0000000010005d38       0x38 CMakeFiles/release.dir/home/jfhorwitz/pico/pico-sdk/src/rp2_common/pico_double/double_aeabi.S.obj
                0x0000000010005d38                __wrap___aeabi_ui2d
                0x0000000010005d40                __wrap___aeabi_i2d
 .text.__wrap___aeabi_d2iz
                0x0000000010005d70       0x48 CMakeFiles/release.dir/home/jfhorwitz/pico/pico-sdk/src/rp2_common/pico_double/double_aeabi.S.obj
                0x0000000010005d70                __wrap___aeabi_d2iz
                0x0000000010005d70                double2int_z
 .text.__wrap___aeabi_d2uiz
                0x0000000010005db8       0x18 CMakeFiles/release.dir/home/jfhorwitz/pico/pico-sdk/src/rp2_common/pico_double/double_aeabi.S.obj
                0x0000000010005db8                double2uint
                0x0000000010005db8                __wrap___aeabi_d2uiz
 .text.__wrap___aeabi_d2f
                0x0000000010005dd0       0x18 CMakeFiles/release.dir/home/jfhorwitz/pico/pico-sdk/src/rp2_common/pico_double/double_aeabi.S.obj
                0x0000000010005dd0                __wrap___aeabi_d2f
 .text.__wrap_exp
                0x0000000010005de8       0x18 CMakeFiles/release.dir/home/jfhorwitz/pico/pico-sdk/src/rp2_common/pico_double/double_aeabi.S.obj
                0x0000000010005de8                __wrap_exp
 .text.__wrap_log
                0x0000000010005e00       0x18 CMakeFiles/release.dir/home/jfhorwitz/pico/pico-sdk/src/rp2_common/pico_double/double_aeabi.S.obj
                0x0000000010005e00                __wrap_log
 .text.__aeabi_double_init
                0x0000000010005e18       0x94 CMakeFiles/release.dir/home/jfhorwitz/pico/pico-sdk/src/rp2_common/pico_double/double_init_rom.c.obj
                0x0000000010005e18                __aeabi_double_init
 .text.dpow_1   0x0000000010005eac      0x274 CMakeFiles/release.dir/home/jfhorwitz/pico/pico-sdk/src/rp2_common/pico_double/double_math.c.obj
 .text.dpow_int2
                0x0000000010006120       0xf8 CMakeFiles/release.dir/home/jfhorwitz/pico/pico-sdk/src/rp2_common/pico_double/double_math.c.obj
 .text.dpow_0   0x0000000010006218      0x1cc CMakeFiles/release.dir/home/jfhorwitz/pico/pico-sdk/src/rp2_common/pico_double/double_math.c.obj
 .text.__wrap_ldexp
                0x00000000100063e4       0x4c CMakeFiles/release.dir/home/jfhorwitz/pico/pico-sdk/src/rp2_common/pico_double/double_math.c.obj
                0x00000000100063e4                __wrap_ldexp
 .text.__wrap_round
                0x0000000010006430       0xa0 CMakeFiles/release.dir/home/jfhorwitz/pico/pico-sdk/src/rp2_common/pico_double/double_math.c.obj
                0x0000000010006430                __wrap_round
 .text.__wrap_exp2
                0x00000000100064d0       0xbc CMakeFiles/release.dir/home/jfhorwitz/pico/pico-sdk/src/rp2_common/pico_double/double_math.c.obj
                0x00000000100064d0                __wrap_exp2
 .text.__wrap_pow
                0x000000001000658c      0x314 CMakeFiles/release.dir/home/jfhorwitz/pico/pico-sdk/src/rp2_common/pico_double/double_math.c.obj
                0x000000001000658c                __wrap_pow
 .text.double_table_shim_on_use_helper
                0x00000000100068a0       0x2c CMakeFiles/release.dir/home/jfhorwitz/pico/pico-sdk/src/rp2_common/pico_double/double_v1_rom_shim.S.obj
                0x00000000100068a0                double_table_shim_on_use_helper
 .text.__wrap___aeabi_dsub
                0x00000000100068cc       0x10 CMakeFiles/release.dir/home/jfhorwitz/pico/pico-sdk/src/rp2_common/pico_double/double_v1_rom_shim.S.obj
                0x00000000100068cc                drsub_shim
                0x00000000100068d2                dsub_shim
 .text.dadd_shim
                0x00000000100068dc      0x15c CMakeFiles/release.dir/home/jfhorwitz/pico/pico-sdk/src/rp2_common/pico_double/double_v1_rom_shim.S.obj
                0x00000000100068dc                dadd_shim
 .text.dmul_shim
                0x0000000010006a38      0x15c CMakeFiles/release.dir/home/jfhorwitz/pico/pico-sdk/src/rp2_common/pico_double/double_v1_rom_shim.S.obj
                0x0000000010006a38                dmul_shim
 .text.ddiv_shim
                0x0000000010006b94      0x1b0 CMakeFiles/release.dir/home/jfhorwitz/pico/pico-sdk/src/rp2_common/pico_double/double_v1_rom_shim.S.obj
                0x0000000010006b94                ddiv_shim
 .text.double2uint_shim
                0x0000000010006d44        0xe CMakeFiles/release.dir/home/jfhorwitz/pico/pico-sdk/src/rp2_common/pico_double/double_v1_rom_shim.S.obj
                0x0000000010006d44                double2uint_shim
                0x0000000010006d46                double2ufix_shim
 *fill*         0x0000000010006d52        0x2 
 .text.double2uint64_shim
                0x0000000010006d54       0x70 CMakeFiles/release.dir/home/jfhorwitz/pico/pico-sdk/src/rp2_common/pico_double/double_v1_rom_shim.S.obj
                0x0000000010006d54                double2uint64_shim
                0x0000000010006d56                double2ufix64_shim
                0x0000000010006d76                d2fix_a
 .text.double2float_shim
                0x0000000010006dc4       0x5c CMakeFiles/release.dir/home/jfhorwitz/pico/pico-sdk/src/rp2_common/pico_double/double_v1_rom_shim.S.obj
                0x0000000010006dc4                double2float_shim
 .text.x2double_shims
                0x0000000010006e20       0x90 CMakeFiles/release.dir/home/jfhorwitz/pico/pico-sdk/src/rp2_common/pico_double/double_v1_rom_shim.S.obj
                0x0000000010006e20                uint2double_shim
                0x0000000010006e22                ufix2double_shim
                0x0000000010006e28                int2double_shim
                0x0000000010006e2a                fix2double_shim
                0x0000000010006e30                uint642double_shim
                0x0000000010006e32                ufix642double_shim
                0x0000000010006e38                int642double_shim
                0x0000000010006e3a                fix642double_shim
 .text.dunpacks
                0x0000000010006eb0       0x3c CMakeFiles/release.dir/home/jfhorwitz/pico/pico-sdk/src/rp2_common/pico_double/double_v1_rom_shim.S.obj
                0x0000000010006eb0                dunpacks
 .text.dreduce  0x0000000010006eec       0x82 CMakeFiles/release.dir/home/jfhorwitz/pico/pico-sdk/src/rp2_common/pico_double/double_v1_rom_shim.S.obj
                0x0000000010006eec                dreduce
 *fill*         0x0000000010006f6e        0x2 
 .text.dexp_guts
                0x0000000010006f70      0x268 CMakeFiles/release.dir/home/jfhorwitz/pico/pico-sdk/src/rp2_common/pico_double/double_v1_rom_shim.S.obj
                0x0000000010006f70                dexp_shim
                0x000000001000700c                dln_shim
 .text.__aeabi_lmul
                0x00000000100071d8       0x32 CMakeFiles/release.dir/home/jfhorwitz/pico/pico-sdk/src/rp2_common/pico_int64_ops/pico_int64_ops_aeabi.S.obj
                0x00000000100071d8                __wrap___aeabi_lmul
 *fill*         0x000000001000720a        0x2 
 .text.__wrap___aeabi_farithmetic
                0x000000001000720c       0x48 CMakeFiles/release.dir/home/jfhorwitz/pico/pico-sdk/src/rp2_common/pico_float/float_aeabi.S.obj
                0x000000001000720c                __wrap___aeabi_frsub
                0x0000000010007212                __wrap___aeabi_fsub
                0x0000000010007218                __wrap___aeabi_fadd
                0x000000001000721e                __wrap___aeabi_fdiv
                0x0000000010007246                __wrap___aeabi_fmul
 .text.__wrap___aeabi_ui2f
                0x0000000010007254        0xa CMakeFiles/release.dir/home/jfhorwitz/pico/pico-sdk/src/rp2_common/pico_float/float_aeabi.S.obj
                0x0000000010007254                __wrap___aeabi_ui2f
 *fill*         0x000000001000725e        0x2 
 .text.__wrap___aeabi_i2f
                0x0000000010007260       0x44 CMakeFiles/release.dir/home/jfhorwitz/pico/pico-sdk/src/rp2_common/pico_float/float_aeabi.S.obj
                0x0000000010007260                __wrap___aeabi_i2f
 .text.__wrap___aeabi_f2iz
                0x00000000100072a4       0x4e CMakeFiles/release.dir/home/jfhorwitz/pico/pico-sdk/src/rp2_common/pico_float/float_aeabi.S.obj
                0x00000000100072a4                __wrap___aeabi_f2iz
                0x00000000100072a4                float2int_z
 *fill*         0x00000000100072f2        0x2 
 .text.float2int
                0x00000000100072f4       0x14 CMakeFiles/release.dir/home/jfhorwitz/pico/pico-sdk/src/rp2_common/pico_float/float_aeabi.S.obj
                0x00000000100072f4                float2int
 .text.__wrap___aeabi_f2uiz
                0x0000000010007308        0xc CMakeFiles/release.dir/home/jfhorwitz/pico/pico-sdk/src/rp2_common/pico_float/float_aeabi.S.obj
                0x0000000010007308                __wrap___aeabi_f2uiz
 .text.__aeabi_float_init
                0x0000000010007314       0x64 CMakeFiles/release.dir/home/jfhorwitz/pico/pico-sdk/src/rp2_common/pico_float/float_init_rom.c.obj
                0x0000000010007314                __aeabi_float_init
 .text.float_table_shim_on_use_helper
                0x0000000010007378       0x2c CMakeFiles/release.dir/home/jfhorwitz/pico/pico-sdk/src/rp2_common/pico_float/float_v1_rom_shim.S.obj
                0x0000000010007378                float_table_shim_on_use_helper
 .text.float232_shims
                0x00000000100073a4       0x18 CMakeFiles/release.dir/home/jfhorwitz/pico/pico-sdk/src/rp2_common/pico_float/float_v1_rom_shim.S.obj
                0x00000000100073a4                float2int_shim
                0x00000000100073a6                float2fix_shim
 .text.__wrap_calloc
                0x00000000100073bc       0x40 CMakeFiles/release.dir/home/jfhorwitz/pico/pico-sdk/src/rp2_common/pico_malloc/pico_malloc.c.obj
                0x00000000100073bc                __wrap_calloc
 .text          0x00000000100073fc       0x10 CMakeFiles/release.dir/home/jfhorwitz/pico/pico-sdk/src/rp2_common/pico_mem_ops/mem_ops_aeabi.S.obj
                0x00000000100073fc                __aeabi_mem_init
 .text.memset   0x000000001000740c        0xc CMakeFiles/release.dir/home/jfhorwitz/pico/pico-sdk/src/rp2_common/pico_mem_ops/mem_ops_aeabi.S.obj
                0x000000001000740c                __wrap_memset
 .text.memcpy   0x0000000010007418        0xc CMakeFiles/release.dir/home/jfhorwitz/pico/pico-sdk/src/rp2_common/pico_mem_ops/mem_ops_aeabi.S.obj
                0x0000000010007418                __wrap___aeabi_memcpy
                0x0000000010007418                __wrap_memcpy
 .text.stdio_out_chars_no_crlf
                0x0000000010007424       0x10 CMakeFiles/release.dir/home/jfhorwitz/pico/pico-sdk/src/rp2_common/pico_stdio/stdio.c.obj
 .text.stdio_out_chars_crlf
                0x0000000010007434       0xb4 CMakeFiles/release.dir/home/jfhorwitz/pico/pico-sdk/src/rp2_common/pico_stdio/stdio.c.obj
 .text.stdio_buffered_printer
                0x00000000100074e8       0x64 CMakeFiles/release.dir/home/jfhorwitz/pico/pico-sdk/src/rp2_common/pico_stdio/stdio.c.obj
 .text.stdio_put_string.isra.0
                0x000000001000754c       0xfc CMakeFiles/release.dir/home/jfhorwitz/pico/pico-sdk/src/rp2_common/pico_stdio/stdio.c.obj
 .text.__wrap_putchar
                0x0000000010007648       0x98 CMakeFiles/release.dir/home/jfhorwitz/pico/pico-sdk/src/rp2_common/pico_stdio/stdio.c.obj
                0x0000000010007648                __wrap_putchar
 .text.__wrap_puts
                0x00000000100076e0       0x3c CMakeFiles/release.dir/home/jfhorwitz/pico/pico-sdk/src/rp2_common/pico_stdio/stdio.c.obj
                0x00000000100076e0                __wrap_puts
 .text.stdio_set_driver_enabled
                0x000000001000771c       0x30 CMakeFiles/release.dir/home/jfhorwitz/pico/pico-sdk/src/rp2_common/pico_stdio/stdio.c.obj
                0x000000001000771c                stdio_set_driver_enabled
 .text.__wrap_vprintf
                0x000000001000774c       0xd8 CMakeFiles/release.dir/home/jfhorwitz/pico/pico-sdk/src/rp2_common/pico_stdio/stdio.c.obj
                0x000000001000774c                __wrap_vprintf
 .text.__wrap_printf
                0x0000000010007824       0x18 CMakeFiles/release.dir/home/jfhorwitz/pico/pico-sdk/src/rp2_common/pico_stdio/stdio.c.obj
                0x0000000010007824                __wrap_printf
 .text.stdio_init_all
                0x000000001000783c        0x8 CMakeFiles/release.dir/home/jfhorwitz/pico/pico-sdk/src/rp2_common/pico_stdio/stdio.c.obj
                0x000000001000783c                stdio_init_all
 .text.resetd_init
                0x0000000010007844        0x4 CMakeFiles/release.dir/home/jfhorwitz/pico/pico-sdk/src/rp2_common/pico_stdio_usb/reset_interface.c.obj
 .text.resetd_reset
                0x0000000010007848        0xc CMakeFiles/release.dir/home/jfhorwitz/pico/pico-sdk/src/rp2_common/pico_stdio_usb/reset_interface.c.obj
 .text.resetd_open
                0x0000000010007854       0x28 CMakeFiles/release.dir/home/jfhorwitz/pico/pico-sdk/src/rp2_common/pico_stdio_usb/reset_interface.c.obj
 .text.resetd_xfer_cb
                0x000000001000787c        0x4 CMakeFiles/release.dir/home/jfhorwitz/pico/pico-sdk/src/rp2_common/pico_stdio_usb/reset_interface.c.obj
 .text.resetd_control_xfer_cb
                0x0000000010007880       0x64 CMakeFiles/release.dir/home/jfhorwitz/pico/pico-sdk/src/rp2_common/pico_stdio_usb/reset_interface.c.obj
 .text.usbd_app_driver_get_cb
                0x00000000100078e4        0xc CMakeFiles/release.dir/home/jfhorwitz/pico/pico-sdk/src/rp2_common/pico_stdio_usb/reset_interface.c.obj
                0x00000000100078e4                usbd_app_driver_get_cb
 .text.tud_cdc_line_coding_cb
                0x00000000100078f0       0x34 CMakeFiles/release.dir/home/jfhorwitz/pico/pico-sdk/src/rp2_common/pico_stdio_usb/reset_interface.c.obj
                0x00000000100078f0                tud_cdc_line_coding_cb
 .text.stdio_usb_set_chars_available_callback
                0x0000000010007924       0x14 CMakeFiles/release.dir/home/jfhorwitz/pico/pico-sdk/src/rp2_common/pico_stdio_usb/stdio_usb.c.obj
                0x0000000010007924                stdio_usb_set_chars_available_callback
 .text.usb_irq  0x0000000010007938       0x10 CMakeFiles/release.dir/home/jfhorwitz/pico/pico-sdk/src/rp2_common/pico_stdio_usb/stdio_usb.c.obj
 .text.timer_task
                0x0000000010007948       0x54 CMakeFiles/release.dir/home/jfhorwitz/pico/pico-sdk/src/rp2_common/pico_stdio_usb/stdio_usb.c.obj
 .text.stdio_usb_in_chars
                0x000000001000799c       0x90 CMakeFiles/release.dir/home/jfhorwitz/pico/pico-sdk/src/rp2_common/pico_stdio_usb/stdio_usb.c.obj
                0x000000001000799c                stdio_usb_in_chars
 .text.stdio_usb_out_chars
                0x0000000010007a2c      0x100 CMakeFiles/release.dir/home/jfhorwitz/pico/pico-sdk/src/rp2_common/pico_stdio_usb/stdio_usb.c.obj
 .text.low_priority_worker_irq
                0x0000000010007b2c       0xa8 CMakeFiles/release.dir/home/jfhorwitz/pico/pico-sdk/src/rp2_common/pico_stdio_usb/stdio_usb.c.obj
 .text.tud_cdc_rx_cb
                0x0000000010007bd4       0x20 CMakeFiles/release.dir/home/jfhorwitz/pico/pico-sdk/src/rp2_common/pico_stdio_usb/stdio_usb.c.obj
                0x0000000010007bd4                tud_cdc_rx_cb
 .text.stdio_usb_init
                0x0000000010007bf4       0xdc CMakeFiles/release.dir/home/jfhorwitz/pico/pico-sdk/src/rp2_common/pico_stdio_usb/stdio_usb.c.obj
                0x0000000010007bf4                stdio_usb_init
 .text.tud_descriptor_device_cb
                0x0000000010007cd0        0x8 CMakeFiles/release.dir/home/jfhorwitz/pico/pico-sdk/src/rp2_common/pico_stdio_usb/stdio_usb_descriptors.c.obj
                0x0000000010007cd0                tud_descriptor_device_cb
 .text.tud_descriptor_configuration_cb
                0x0000000010007cd8        0x8 CMakeFiles/release.dir/home/jfhorwitz/pico/pico-sdk/src/rp2_common/pico_stdio_usb/stdio_usb_descriptors.c.obj
                0x0000000010007cd8                tud_descriptor_configuration_cb
 .text.tud_descriptor_string_cb
                0x0000000010007ce0       0x74 CMakeFiles/release.dir/home/jfhorwitz/pico/pico-sdk/src/rp2_common/pico_stdio_usb/stdio_usb_descriptors.c.obj
                0x0000000010007ce0                tud_descriptor_string_cb
 .text.startup._retrieve_unique_id_on_boot
                0x0000000010007d54       0x10 CMakeFiles/release.dir/home/jfhorwitz/pico/pico-sdk/src/rp2_common/pico_unique_id/unique_id.c.obj
 .text.pico_get_unique_board_id_string
                0x0000000010007d64      0x1a8 CMakeFiles/release.dir/home/jfhorwitz/pico/pico-sdk/src/rp2_common/pico_unique_id/unique_id.c.obj
                0x0000000010007d64                pico_get_unique_board_id_string
 .text.flash_get_unique_id
                0x0000000010007f0c       0x40 CMakeFiles/release.dir/home/jfhorwitz/pico/pico-sdk/src/rp2_common/hardware_flash/flash.c.obj
                0x0000000010007f0c                flash_get_unique_id
 .text.dcd_int_enable
                0x0000000010007f4c        0xc CMakeFiles/release.dir/home/jfhorwitz/pico/pico-sdk/lib/tinyusb/src/portable/raspberrypi/rp2040/dcd_rp2040.c.obj
                0x0000000010007f4c                dcd_int_enable
 .text.dcd_set_address
                0x0000000010007f58       0x14 CMakeFiles/release.dir/home/jfhorwitz/pico/pico-sdk/lib/tinyusb/src/portable/raspberrypi/rp2040/dcd_rp2040.c.obj
                0x0000000010007f58                dcd_set_address
 .text.dcd_connect
                0x0000000010007f6c       0x10 CMakeFiles/release.dir/home/jfhorwitz/pico/pico-sdk/lib/tinyusb/src/portable/raspberrypi/rp2040/dcd_rp2040.c.obj
                0x0000000010007f6c                dcd_connect
 .text.dcd_init
                0x0000000010007f7c       0x98 CMakeFiles/release.dir/home/jfhorwitz/pico/pico-sdk/lib/tinyusb/src/portable/raspberrypi/rp2040/dcd_rp2040.c.obj
                0x0000000010007f7c                dcd_init
 .text.dcd_edpt0_status_complete
                0x0000000010008014       0x1c CMakeFiles/release.dir/home/jfhorwitz/pico/pico-sdk/lib/tinyusb/src/portable/raspberrypi/rp2040/dcd_rp2040.c.obj
                0x0000000010008014                dcd_edpt0_status_complete
 .text.dcd_edpt_open
                0x0000000010008030      0x108 CMakeFiles/release.dir/home/jfhorwitz/pico/pico-sdk/lib/tinyusb/src/portable/raspberrypi/rp2040/dcd_rp2040.c.obj
                0x0000000010008030                dcd_edpt_open
 .text.dcd_edpt_close_all
                0x0000000010008138        0x8 CMakeFiles/release.dir/home/jfhorwitz/pico/pico-sdk/lib/tinyusb/src/portable/raspberrypi/rp2040/dcd_rp2040.c.obj
                0x0000000010008138                dcd_edpt_close_all
 .text.dcd_edpt_xfer
                0x0000000010008140       0x24 CMakeFiles/release.dir/home/jfhorwitz/pico/pico-sdk/lib/tinyusb/src/portable/raspberrypi/rp2040/dcd_rp2040.c.obj
                0x0000000010008140                dcd_edpt_xfer
 .text.dcd_edpt_stall
                0x0000000010008164       0x38 CMakeFiles/release.dir/home/jfhorwitz/pico/pico-sdk/lib/tinyusb/src/portable/raspberrypi/rp2040/dcd_rp2040.c.obj
                0x0000000010008164                dcd_edpt_stall
 .text.dcd_edpt_clear_stall
                0x000000001000819c       0x30 CMakeFiles/release.dir/home/jfhorwitz/pico/pico-sdk/lib/tinyusb/src/portable/raspberrypi/rp2040/dcd_rp2040.c.obj
                0x000000001000819c                dcd_edpt_clear_stall
 .text.rp2040_usb_init
                0x00000000100081cc       0x4c CMakeFiles/release.dir/home/jfhorwitz/pico/pico-sdk/lib/tinyusb/src/portable/raspberrypi/rp2040/rp2040_usb.c.obj
                0x00000000100081cc                rp2040_usb_init
 .text.hw_endpoint_xfer_start
                0x0000000010008218       0x50 CMakeFiles/release.dir/home/jfhorwitz/pico/pico-sdk/lib/tinyusb/src/portable/raspberrypi/rp2040/rp2040_usb.c.obj
                0x0000000010008218                hw_endpoint_xfer_start
 .text.tud_mounted
                0x0000000010008268       0x10 CMakeFiles/release.dir/home/jfhorwitz/pico/pico-sdk/lib/tinyusb/src/device/usbd.c.obj
                0x0000000010008268                tud_mounted
 .text.tud_suspended
                0x0000000010008278       0x10 CMakeFiles/release.dir/home/jfhorwitz/pico/pico-sdk/lib/tinyusb/src/device/usbd.c.obj
                0x0000000010008278                tud_suspended
 .text.tud_inited
                0x0000000010008288       0x14 CMakeFiles/release.dir/home/jfhorwitz/pico/pico-sdk/lib/tinyusb/src/device/usbd.c.obj
                0x0000000010008288                tud_inited
 .text.tud_init
                0x000000001000829c       0xe4 CMakeFiles/release.dir/home/jfhorwitz/pico/pico-sdk/lib/tinyusb/src/device/usbd.c.obj
                0x000000001000829c                tud_init
 .text.tud_task_ext
                0x0000000010008380      0x854 CMakeFiles/release.dir/home/jfhorwitz/pico/pico-sdk/lib/tinyusb/src/device/usbd.c.obj
                0x0000000010008380                tud_task_ext
 .text.usbd_open_edpt_pair
                0x0000000010008bd4       0x9c CMakeFiles/release.dir/home/jfhorwitz/pico/pico-sdk/lib/tinyusb/src/device/usbd.c.obj
                0x0000000010008bd4                usbd_open_edpt_pair
 .text.usbd_defer_func
                0x0000000010008c70       0x48 CMakeFiles/release.dir/home/jfhorwitz/pico/pico-sdk/lib/tinyusb/src/device/usbd.c.obj
                0x0000000010008c70                usbd_defer_func
 .text.usbd_edpt_open
                0x0000000010008cb8       0x34 CMakeFiles/release.dir/home/jfhorwitz/pico/pico-sdk/lib/tinyusb/src/device/usbd.c.obj
                0x0000000010008cb8                usbd_edpt_open
 .text.usbd_edpt_claim
                0x0000000010008cec       0x28 CMakeFiles/release.dir/home/jfhorwitz/pico/pico-sdk/lib/tinyusb/src/device/usbd.c.obj
                0x0000000010008cec                usbd_edpt_claim
 .text.usbd_edpt_release
                0x0000000010008d14       0x28 CMakeFiles/release.dir/home/jfhorwitz/pico/pico-sdk/lib/tinyusb/src/device/usbd.c.obj
                0x0000000010008d14                usbd_edpt_release
 .text.usbd_edpt_xfer
                0x0000000010008d3c       0x4c CMakeFiles/release.dir/home/jfhorwitz/pico/pico-sdk/lib/tinyusb/src/device/usbd.c.obj
                0x0000000010008d3c                usbd_edpt_xfer
 .text.tud_control_status
                0x0000000010008d88       0x30 CMakeFiles/release.dir/home/jfhorwitz/pico/pico-sdk/lib/tinyusb/src/device/usbd_control.c.obj
                0x0000000010008d88                tud_control_status
 .text.tud_control_xfer
                0x0000000010008db8       0xbc CMakeFiles/release.dir/home/jfhorwitz/pico/pico-sdk/lib/tinyusb/src/device/usbd_control.c.obj
                0x0000000010008db8                tud_control_xfer
 .text.usbd_control_reset
                0x0000000010008e74       0x14 CMakeFiles/release.dir/home/jfhorwitz/pico/pico-sdk/lib/tinyusb/src/device/usbd_control.c.obj
                0x0000000010008e74                usbd_control_reset
 .text.usbd_control_set_complete_callback
                0x0000000010008e88        0xc CMakeFiles/release.dir/home/jfhorwitz/pico/pico-sdk/lib/tinyusb/src/device/usbd_control.c.obj
                0x0000000010008e88                usbd_control_set_complete_callback
 .text.usbd_control_set_request
                0x0000000010008e94       0x1c CMakeFiles/release.dir/home/jfhorwitz/pico/pico-sdk/lib/tinyusb/src/device/usbd_control.c.obj
                0x0000000010008e94                usbd_control_set_request
 .text.usbd_control_xfer_cb
                0x0000000010008eb0       0xfc CMakeFiles/release.dir/home/jfhorwitz/pico/pico-sdk/lib/tinyusb/src/device/usbd_control.c.obj
                0x0000000010008eb0                usbd_control_xfer_cb
 .text.tud_cdc_n_connected
                0x0000000010008fac       0x30 CMakeFiles/release.dir/home/jfhorwitz/pico/pico-sdk/lib/tinyusb/src/class/cdc/cdc_device.c.obj
                0x0000000010008fac                tud_cdc_n_connected
 .text.tud_cdc_n_available
                0x0000000010008fdc       0x18 CMakeFiles/release.dir/home/jfhorwitz/pico/pico-sdk/lib/tinyusb/src/class/cdc/cdc_device.c.obj
                0x0000000010008fdc                tud_cdc_n_available
 .text.tud_cdc_n_read
                0x0000000010008ff4       0x70 CMakeFiles/release.dir/home/jfhorwitz/pico/pico-sdk/lib/tinyusb/src/class/cdc/cdc_device.c.obj
                0x0000000010008ff4                tud_cdc_n_read
 .text.tud_cdc_n_write_flush
                0x0000000010009064       0x78 CMakeFiles/release.dir/home/jfhorwitz/pico/pico-sdk/lib/tinyusb/src/class/cdc/cdc_device.c.obj
                0x0000000010009064                tud_cdc_n_write_flush
 .text.tud_cdc_n_write
                0x00000000100090dc       0x34 CMakeFiles/release.dir/home/jfhorwitz/pico/pico-sdk/lib/tinyusb/src/class/cdc/cdc_device.c.obj
                0x00000000100090dc                tud_cdc_n_write
 .text.tud_cdc_n_write_available
                0x0000000010009110       0x18 CMakeFiles/release.dir/home/jfhorwitz/pico/pico-sdk/lib/tinyusb/src/class/cdc/cdc_device.c.obj
                0x0000000010009110                tud_cdc_n_write_available
 .text.cdcd_init
                0x0000000010009128       0x7c CMakeFiles/release.dir/home/jfhorwitz/pico/pico-sdk/lib/tinyusb/src/class/cdc/cdc_device.c.obj
                0x0000000010009128                cdcd_init
 .text.cdcd_reset
                0x00000000100091a4       0x2c CMakeFiles/release.dir/home/jfhorwitz/pico/pico-sdk/lib/tinyusb/src/class/cdc/cdc_device.c.obj
                0x00000000100091a4                cdcd_reset
 .text.cdcd_open
                0x00000000100091d0       0xe8 CMakeFiles/release.dir/home/jfhorwitz/pico/pico-sdk/lib/tinyusb/src/class/cdc/cdc_device.c.obj
                0x00000000100091d0                cdcd_open
 .text.cdcd_control_xfer_cb
                0x00000000100092b8       0xe4 CMakeFiles/release.dir/home/jfhorwitz/pico/pico-sdk/lib/tinyusb/src/class/cdc/cdc_device.c.obj
                0x00000000100092b8                cdcd_control_xfer_cb
 .text.cdcd_xfer_cb
                0x000000001000939c      0x148 CMakeFiles/release.dir/home/jfhorwitz/pico/pico-sdk/lib/tinyusb/src/class/cdc/cdc_device.c.obj
                0x000000001000939c                cdcd_xfer_cb
 .text.tusb_init
                0x00000000100094e4        0xc CMakeFiles/release.dir/home/jfhorwitz/pico/pico-sdk/lib/tinyusb/src/tusb.c.obj
                0x00000000100094e4                tusb_init
 .text.tusb_inited
                0x00000000100094f0        0x8 CMakeFiles/release.dir/home/jfhorwitz/pico/pico-sdk/lib/tinyusb/src/tusb.c.obj
                0x00000000100094f0                tusb_inited
 .text.tu_edpt_claim
                0x00000000100094f8       0x50 CMakeFiles/release.dir/home/jfhorwitz/pico/pico-sdk/lib/tinyusb/src/tusb.c.obj
                0x00000000100094f8                tu_edpt_claim
 .text.tu_edpt_release
                0x0000000010009548       0x38 CMakeFiles/release.dir/home/jfhorwitz/pico/pico-sdk/lib/tinyusb/src/tusb.c.obj
                0x0000000010009548                tu_edpt_release
 .text.tu_edpt_validate
                0x0000000010009580       0x78 CMakeFiles/release.dir/home/jfhorwitz/pico/pico-sdk/lib/tinyusb/src/tusb.c.obj
                0x0000000010009580                tu_edpt_validate
 .text.tu_edpt_bind_driver
                0x00000000100095f8       0x34 CMakeFiles/release.dir/home/jfhorwitz/pico/pico-sdk/lib/tinyusb/src/tusb.c.obj
                0x00000000100095f8                tu_edpt_bind_driver
 .text.tu_fifo_config
                0x000000001000962c       0x70 CMakeFiles/release.dir/home/jfhorwitz/pico/pico-sdk/lib/tinyusb/src/common/tusb_fifo.c.obj
                0x000000001000962c                tu_fifo_config
 .text.tu_fifo_count
                0x000000001000969c       0x2c CMakeFiles/release.dir/home/jfhorwitz/pico/pico-sdk/lib/tinyusb/src/common/tusb_fifo.c.obj
                0x000000001000969c                tu_fifo_count
 .text.tu_fifo_empty
                0x00000000100096c8       0x10 CMakeFiles/release.dir/home/jfhorwitz/pico/pico-sdk/lib/tinyusb/src/common/tusb_fifo.c.obj
                0x00000000100096c8                tu_fifo_empty
 .text.tu_fifo_remaining
                0x00000000100096d8       0x2c CMakeFiles/release.dir/home/jfhorwitz/pico/pico-sdk/lib/tinyusb/src/common/tusb_fifo.c.obj
                0x00000000100096d8                tu_fifo_remaining
 .text.tu_fifo_read
                0x0000000010009704       0xa0 CMakeFiles/release.dir/home/jfhorwitz/pico/pico-sdk/lib/tinyusb/src/common/tusb_fifo.c.obj
                0x0000000010009704                tu_fifo_read
 .text.tu_fifo_read_n
                0x00000000100097a4       0xec CMakeFiles/release.dir/home/jfhorwitz/pico/pico-sdk/lib/tinyusb/src/common/tusb_fifo.c.obj
                0x00000000100097a4                tu_fifo_read_n
 .text.tu_fifo_write
                0x0000000010009890       0x88 CMakeFiles/release.dir/home/jfhorwitz/pico/pico-sdk/lib/tinyusb/src/common/tusb_fifo.c.obj
                0x0000000010009890                tu_fifo_write
 .text.tu_fifo_write_n
                0x0000000010009918      0x168 CMakeFiles/release.dir/home/jfhorwitz/pico/pico-sdk/lib/tinyusb/src/common/tusb_fifo.c.obj
                0x0000000010009918                tu_fifo_write_n
 .text.tu_fifo_clear
                0x0000000010009a80       0x40 CMakeFiles/release.dir/home/jfhorwitz/pico/pico-sdk/lib/tinyusb/src/common/tusb_fifo.c.obj
                0x0000000010009a80                tu_fifo_clear
 .text.tu_fifo_set_overwritable
                0x0000000010009ac0       0x48 CMakeFiles/release.dir/home/jfhorwitz/pico/pico-sdk/lib/tinyusb/src/common/tusb_fifo.c.obj
                0x0000000010009ac0                tu_fifo_set_overwritable
 .text.i2c_set_baudrate
                0x0000000010009b08       0xc4 CMakeFiles/release.dir/home/jfhorwitz/pico/pico-sdk/src/rp2_common/hardware_i2c/i2c.c.obj
                0x0000000010009b08                i2c_set_baudrate
 .text.i2c_init
                0x0000000010009bcc       0x54 CMakeFiles/release.dir/home/jfhorwitz/pico/pico-sdk/src/rp2_common/hardware_i2c/i2c.c.obj
                0x0000000010009bcc                i2c_init
 .text.i2c_write_blocking
                0x0000000010009c20       0xd0 CMakeFiles/release.dir/home/jfhorwitz/pico/pico-sdk/src/rp2_common/hardware_i2c/i2c.c.obj
                0x0000000010009c20                i2c_write_blocking
 .text.i2c_read_blocking
                0x0000000010009cf0       0xac CMakeFiles/release.dir/home/jfhorwitz/pico/pico-sdk/src/rp2_common/hardware_i2c/i2c.c.obj
                0x0000000010009cf0                i2c_read_blocking
 .text.core1_trampoline
                0x0000000010009d9c        0x4 CMakeFiles/release.dir/home/jfhorwitz/pico/pico-sdk/src/rp2_common/pico_multicore/multicore.c.obj
 .text.core1_wrapper
                0x0000000010009da0        0xc CMakeFiles/release.dir/home/jfhorwitz/pico/pico-sdk/src/rp2_common/pico_multicore/multicore.c.obj
                0x0000000010009da0                core1_wrapper
 .text.multicore_launch_core1_raw
                0x0000000010009dac       0x84 CMakeFiles/release.dir/home/jfhorwitz/pico/pico-sdk/src/rp2_common/pico_multicore/multicore.c.obj
                0x0000000010009dac                multicore_launch_core1_raw
 .text.multicore_launch_core1
                0x0000000010009e30       0x4c CMakeFiles/release.dir/home/jfhorwitz/pico/pico-sdk/src/rp2_common/pico_multicore/multicore.c.obj
                0x0000000010009e30                multicore_launch_core1
 .text.pio_add_program
                0x0000000010009e7c       0xc8 CMakeFiles/release.dir/home/jfhorwitz/pico/pico-sdk/src/rp2_common/hardware_pio/pio.c.obj
                0x0000000010009e7c                pio_add_program
 .text.pio_sm_set_consecutive_pindirs
                0x0000000010009f44       0xb0 CMakeFiles/release.dir/home/jfhorwitz/pico/pico-sdk/src/rp2_common/hardware_pio/pio.c.obj
                0x0000000010009f44                pio_sm_set_consecutive_pindirs
 .text.pio_sm_init
                0x0000000010009ff4       0x8c CMakeFiles/release.dir/home/jfhorwitz/pico/pico-sdk/src/rp2_common/hardware_pio/pio.c.obj
                0x0000000010009ff4                pio_sm_init
 .text          0x000000001000a080       0x18 /usr/lib/gcc/arm-none-eabi/10.3.1/../../../arm-none-eabi/lib/thumb/v6-m/nofp/libc.a(lib_a-calloc.o)
                0x000000001000a080                calloc
 .text          0x000000001000a098       0x5c /usr/lib/gcc/arm-none-eabi/10.3.1/../../../arm-none-eabi/lib/thumb/v6-m/nofp/libc.a(lib_a-callocr.o)
                0x000000001000a098                _calloc_r
 .text          0x000000001000a0f4      0x574 /usr/lib/gcc/arm-none-eabi/10.3.1/../../../arm-none-eabi/lib/thumb/v6-m/nofp/libc.a(lib_a-mallocr.o)
                0x000000001000a0f4                _malloc_r
 .text          0x000000001000a668        0x8 /usr/lib/gcc/arm-none-eabi/10.3.1/../../../arm-none-eabi/lib/thumb/v6-m/nofp/libc.a(lib_a-mlock.o)
                0x000000001000a668                __malloc_lock
                0x000000001000a66c                __malloc_unlock
 .text          0x000000001000a670       0x24 /usr/lib/gcc/arm-none-eabi/10.3.1/../../../arm-none-eabi/lib/thumb/v6-m/nofp/libc.a(lib_a-sbrkr.o)
                0x000000001000a670                _sbrk_r
 .text          0x000000001000a694       0x5c /usr/lib/gcc/arm-none-eabi/10.3.1/../../../arm-none-eabi/lib/thumb/v6-m/nofp/libc.a(lib_a-strlen-stub.o)
                0x000000001000a694                strlen
 .text          0x000000001000a6f0      0x260 /usr/lib/gcc/arm-none-eabi/10.3.1/../../../arm-none-eabi/lib/thumb/v6-m/nofp/libc.a(lib_a-freer.o)
                0x000000001000a6f0                _malloc_trim_r
                0x000000001000a78c                _free_r
 *(.fini)
 .fini          0x000000001000a950        0x4 /usr/lib/gcc/arm-none-eabi/10.3.1/thumb/v6-m/nofp/crti.o
                0x000000001000a950                _fini
 *fill*         0x000000001000a954        0x4 
 .fini.__stub   0x000000001000a958       0xe0 linker stubs
 *crtbegin.o(.ctors)
 *crtbegin?.o(.ctors)
 *(EXCLUDE_FILE(*crtend.o *crtend?.o) .ctors)
 *(SORT_BY_NAME(.ctors.*))
 *(.ctors)
 *crtbegin.o(.dtors)
 *crtbegin?.o(.dtors)
 *(EXCLUDE_FILE(*crtend.o *crtend?.o) .dtors)
 *(SORT_BY_NAME(.dtors.*))
 *(.dtors)
 *(.eh_frame*)
 .eh_frame      0x000000001000aa38        0x0 /usr/lib/gcc/arm-none-eabi/10.3.1/thumb/v6-m/nofp/crtbegin.o
                0x000000001000aa38                . = ALIGN (0x4)

.glue_7         0x000000001000aa38        0x0
 .glue_7        0x000000001000aa38        0x0 linker stubs

.glue_7t        0x000000001000aa38        0x0
 .glue_7t       0x000000001000aa38        0x0 linker stubs

.vfp11_veneer   0x000000001000aa38        0x0
 .vfp11_veneer  0x000000001000aa38        0x0 linker stubs

.v4_bx          0x000000001000aa38        0x0
 .v4_bx         0x000000001000aa38        0x0 linker stubs

.iplt           0x000000001000aa38        0x0
 .iplt          0x000000001000aa38        0x0 /usr/lib/gcc/arm-none-eabi/10.3.1/thumb/v6-m/nofp/crtbegin.o

.rodata         0x000000001000aa38     0x3600
 *(EXCLUDE_FILE(*libm.a: *libc.a:*lib_a-mem*.o *libgcc.a:) .rodata*)
 .rodata.core1_entry.str1.4
                0x000000001000aa38       0x9f CMakeFiles/release.dir/main.c.obj
 *fill*         0x000000001000aad7        0x1 
 .rodata.ws2812_program
                0x000000001000aad8        0x6 CMakeFiles/release.dir/main.c.obj
 *fill*         0x000000001000aade        0x2 
 .rodata.ws2812_program_instructions
                0x000000001000aae0        0x8 CMakeFiles/release.dir/main.c.obj
 .rodata.bmi2_interface_init.str1.4
                0x000000001000aae8        0xf CMakeFiles/release.dir/common.c.obj
 *fill*         0x000000001000aaf7        0x1 
 .rodata.bmi2_error_codes_print_result.str1.4
                0x000000001000aaf8      0xf22 CMakeFiles/release.dir/common.c.obj
 *fill*         0x000000001000ba1a        0x2 
 .rodata.bmi2_error_codes_print_result
                0x000000001000ba1c       0x94 CMakeFiles/release.dir/common.c.obj
 .rodata.bmi270_config_file
                0x000000001000bab0     0x2000 CMakeFiles/release.dir/bmi270.c.obj
                0x000000001000bab0                bmi270_config_file
 .rodata.bmi270_feat_in
                0x000000001000dab0       0x33 CMakeFiles/release.dir/bmi270.c.obj
                0x000000001000dab0                bmi270_feat_in
 *fill*         0x000000001000dae3        0x1 
 .rodata.bmi270_feat_out
                0x000000001000dae4       0x15 CMakeFiles/release.dir/bmi270.c.obj
                0x000000001000dae4                bmi270_feat_out
 *fill*         0x000000001000daf9        0x3 
 .rodata.spin_lock_claim_unused.str1.4
                0x000000001000dafc       0x1b CMakeFiles/release.dir/home/jfhorwitz/pico/pico-sdk/src/rp2_common/hardware_sync/sync.c.obj
 *fill*         0x000000001000db17        0x1 
 .rodata.user_irq_claim_unused.str1.4
                0x000000001000db18       0x1b CMakeFiles/release.dir/home/jfhorwitz/pico/pico-sdk/src/rp2_common/hardware_irq/irq.c.obj
 *fill*         0x000000001000db33        0x1 
 .rodata.hardware_alarm_claim.str1.4
                0x000000001000db34       0x22 CMakeFiles/release.dir/home/jfhorwitz/pico/pico-sdk/src/rp2_common/hardware_timer/timer.c.obj
 *fill*         0x000000001000db56        0x2 
 .rodata.panic.str1.4
                0x000000001000db58       0x10 CMakeFiles/release.dir/home/jfhorwitz/pico/pico-sdk/src/rp2_common/pico_runtime/runtime.c.obj
                                         0x12 (size before relaxing)
 .rodata.hard_assertion_failure.str1.4
                0x000000001000db68        0xc CMakeFiles/release.dir/home/jfhorwitz/pico/pico-sdk/src/rp2_common/pico_runtime/runtime.c.obj
 .rodata._ftoa.str1.4
                0x000000001000db74       0x15 CMakeFiles/release.dir/home/jfhorwitz/pico/pico-sdk/src/rp2_common/pico_printf/printf.c.obj
 *fill*         0x000000001000db89        0x3 
 .rodata._vsnprintf
                0x000000001000db8c      0x1e0 CMakeFiles/release.dir/home/jfhorwitz/pico/pico-sdk/src/rp2_common/pico_printf/printf.c.obj
 *fill*         0x000000001000dd6c        0x4 
 .rodata.pow10.0
                0x000000001000dd70       0x50 CMakeFiles/release.dir/home/jfhorwitz/pico/pico-sdk/src/rp2_common/pico_printf/printf.c.obj
 .rodata.__wrap_malloc.str1.4
                0x000000001000ddc0        0xe CMakeFiles/release.dir/home/jfhorwitz/pico/pico-sdk/src/rp2_common/pico_malloc/pico_malloc.c.obj
 *fill*         0x000000001000ddce        0x2 
 .rodata.str1.4
                0x000000001000ddd0       0x3c CMakeFiles/release.dir/home/jfhorwitz/pico/pico-sdk/src/rp2_common/pico_standard_link/binary_info.c.obj
 .rodata.__bi_44
                0x000000001000de0c        0xc CMakeFiles/release.dir/home/jfhorwitz/pico/pico-sdk/src/rp2_common/pico_standard_link/binary_info.c.obj
 .rodata.__bi_75
                0x000000001000de18        0xc CMakeFiles/release.dir/home/jfhorwitz/pico/pico-sdk/src/rp2_common/pico_standard_link/binary_info.c.obj
 .rodata.__bi_81
                0x000000001000de24        0xc CMakeFiles/release.dir/home/jfhorwitz/pico/pico-sdk/src/rp2_common/pico_standard_link/binary_info.c.obj
 .rodata.crlf_str.0
                0x000000001000de30        0x2 CMakeFiles/release.dir/home/jfhorwitz/pico/pico-sdk/src/rp2_common/pico_stdio/stdio.c.obj
 *fill*         0x000000001000de32        0x2 
 .rodata._resetd_driver
                0x000000001000de34       0x18 CMakeFiles/release.dir/home/jfhorwitz/pico/pico-sdk/src/rp2_common/pico_stdio_usb/reset_interface.c.obj
 .rodata.str1.4
                0x000000001000de4c       0x13 CMakeFiles/release.dir/home/jfhorwitz/pico/pico-sdk/src/rp2_common/pico_stdio_usb/stdio_usb.c.obj
 *fill*         0x000000001000de5f        0x1 
 .rodata.__bi_188.0
                0x000000001000de60        0xc CMakeFiles/release.dir/home/jfhorwitz/pico/pico-sdk/src/rp2_common/pico_stdio_usb/stdio_usb.c.obj
 .rodata.str1.4
                0x000000001000de6c       0x2a CMakeFiles/release.dir/home/jfhorwitz/pico/pico-sdk/src/rp2_common/pico_stdio_usb/stdio_usb_descriptors.c.obj
 *fill*         0x000000001000de96        0x2 
 .rodata.usbd_desc_cfg
                0x000000001000de98       0x54 CMakeFiles/release.dir/home/jfhorwitz/pico/pico-sdk/src/rp2_common/pico_stdio_usb/stdio_usb_descriptors.c.obj
 .rodata.usbd_desc_device
                0x000000001000deec       0x12 CMakeFiles/release.dir/home/jfhorwitz/pico/pico-sdk/src/rp2_common/pico_stdio_usb/stdio_usb_descriptors.c.obj
 *fill*         0x000000001000defe        0x2 
 .rodata.usbd_desc_str
                0x000000001000df00       0x18 CMakeFiles/release.dir/home/jfhorwitz/pico/pico-sdk/src/rp2_common/pico_stdio_usb/stdio_usb_descriptors.c.obj
 .rodata.str1.4
                0x000000001000df18       0x14 CMakeFiles/release.dir/home/jfhorwitz/pico/pico-sdk/lib/tinyusb/src/portable/raspberrypi/rp2040/dcd_rp2040.c.obj
 .rodata.str1.4
                0x000000001000df2c       0x53 CMakeFiles/release.dir/home/jfhorwitz/pico/pico-sdk/lib/tinyusb/src/portable/raspberrypi/rp2040/rp2040_usb.c.obj
 *fill*         0x000000001000df7f        0x1 
 .rodata.tud_task_ext
                0x000000001000df80       0x8c CMakeFiles/release.dir/home/jfhorwitz/pico/pico-sdk/lib/tinyusb/src/device/usbd.c.obj
 .rodata._usbd_driver
                0x000000001000e00c       0x18 CMakeFiles/release.dir/home/jfhorwitz/pico/pico-sdk/lib/tinyusb/src/device/usbd.c.obj
 .rodata.pio_add_program.str1.4
                0x000000001000e024       0x11 CMakeFiles/release.dir/home/jfhorwitz/pico/pico-sdk/src/rp2_common/hardware_pio/pio.c.obj
                0x000000001000e038                . = ALIGN (0x4)
 *fill*         0x000000001000e035        0x3 
 *(SORT_BY_ALIGNMENT(SORT_BY_NAME(.flashdata*)))
                0x000000001000e038                . = ALIGN (0x4)

.rel.dyn        0x000000001000e038        0x0
 .rel.iplt      0x000000001000e038        0x0 /usr/lib/gcc/arm-none-eabi/10.3.1/thumb/v6-m/nofp/crtbegin.o

.ARM.extab
 *(.ARM.extab* .gnu.linkonce.armextab.*)
                0x000000001000e038                __exidx_start = .

.ARM.exidx
 *(.ARM.exidx* .gnu.linkonce.armexidx.*)
                0x000000001000e038                __exidx_end = .
                0x000000001000e038                . = ALIGN (0x4)
                0x000000001000e038                __binary_info_start = .

.binary_info    0x000000001000e038       0x20
 *(.binary_info.keep.*)
 .binary_info.keep.__bi_ptr22
                0x000000001000e038        0x4 CMakeFiles/release.dir/home/jfhorwitz/pico/pico-sdk/src/rp2_common/pico_standard_link/binary_info.c.obj
 .binary_info.keep.__bi_ptr30
                0x000000001000e03c        0x4 CMakeFiles/release.dir/home/jfhorwitz/pico/pico-sdk/src/rp2_common/pico_standard_link/binary_info.c.obj
 .binary_info.keep.__bi_ptr38
                0x000000001000e040        0x4 CMakeFiles/release.dir/home/jfhorwitz/pico/pico-sdk/src/rp2_common/pico_standard_link/binary_info.c.obj
 .binary_info.keep.__bi_ptr44
                0x000000001000e044        0x4 CMakeFiles/release.dir/home/jfhorwitz/pico/pico-sdk/src/rp2_common/pico_standard_link/binary_info.c.obj
 .binary_info.keep.__bi_ptr50
                0x000000001000e048        0x4 CMakeFiles/release.dir/home/jfhorwitz/pico/pico-sdk/src/rp2_common/pico_standard_link/binary_info.c.obj
 .binary_info.keep.__bi_ptr75
                0x000000001000e04c        0x4 CMakeFiles/release.dir/home/jfhorwitz/pico/pico-sdk/src/rp2_common/pico_standard_link/binary_info.c.obj
 .binary_info.keep.__bi_ptr81
                0x000000001000e050        0x4 CMakeFiles/release.dir/home/jfhorwitz/pico/pico-sdk/src/rp2_common/pico_standard_link/binary_info.c.obj
 *(.binary_info.*)
 .binary_info.__bi_ptr188
                0x000000001000e054        0x4 CMakeFiles/release.dir/home/jfhorwitz/pico/pico-sdk/src/rp2_common/pico_stdio_usb/stdio_usb.c.obj
                0x000000001000e058                __binary_info_end = .
                0x000000001000e058                . = ALIGN (0x4)
                0x000000001000e058                __etext = .

.ram_vector_table
                0x0000000020000000       0xc0
 *(.ram_vector_table)
 .ram_vector_table
                0x0000000020000000       0xc0 CMakeFiles/release.dir/home/jfhorwitz/pico/pico-sdk/src/rp2_common/pico_runtime/runtime.c.obj
                0x0000000020000000                ram_vector_table

.data           0x00000000200000c0     0x1700 load address 0x000000001000e058
                0x00000000200000c0                __data_start__ = .
 *(vtable)
 *(.time_critical*)
 .time_critical.mutex_enter_blocking
                0x00000000200000c0       0x48 CMakeFiles/release.dir/home/jfhorwitz/pico/pico-sdk/src/common/pico_sync/mutex.c.obj
                0x00000000200000c0                mutex_enter_blocking
 .time_critical.mutex_try_enter
                0x0000000020000108       0x44 CMakeFiles/release.dir/home/jfhorwitz/pico/pico-sdk/src/common/pico_sync/mutex.c.obj
                0x0000000020000108                mutex_try_enter
 .time_critical.mutex_try_enter_block_until
                0x000000002000014c       0x9c CMakeFiles/release.dir/home/jfhorwitz/pico/pico-sdk/src/common/pico_sync/mutex.c.obj
                0x000000002000014c                mutex_try_enter_block_until
 .time_critical.mutex_enter_timeout_ms
                0x00000000200001e8       0x90 CMakeFiles/release.dir/home/jfhorwitz/pico/pico-sdk/src/common/pico_sync/mutex.c.obj
                0x00000000200001e8                mutex_enter_timeout_ms
 .time_critical.mutex_exit
                0x0000000020000278       0x28 CMakeFiles/release.dir/home/jfhorwitz/pico/pico-sdk/src/common/pico_sync/mutex.c.obj
                0x0000000020000278                mutex_exit
 .time_critical.flash_init_boot2_copyout
                0x00000000200002a0       0x30 CMakeFiles/release.dir/home/jfhorwitz/pico/pico-sdk/src/rp2_common/hardware_flash/flash.c.obj
 .time_critical.flash_enable_xip_via_boot2
                0x00000000200002d0       0x10 CMakeFiles/release.dir/home/jfhorwitz/pico/pico-sdk/src/rp2_common/hardware_flash/flash.c.obj
 .time_critical.flash_cs_force
                0x00000000200002e0       0x38 CMakeFiles/release.dir/home/jfhorwitz/pico/pico-sdk/src/rp2_common/hardware_flash/flash.c.obj
 .time_critical.flash_do_cmd
                0x0000000020000318       0xc4 CMakeFiles/release.dir/home/jfhorwitz/pico/pico-sdk/src/rp2_common/hardware_flash/flash.c.obj
                0x0000000020000318                flash_do_cmd
 .time_critical.reset_non_control_endpoints
                0x00000000200003dc       0xbc CMakeFiles/release.dir/home/jfhorwitz/pico/pico-sdk/lib/tinyusb/src/portable/raspberrypi/rp2040/dcd_rp2040.c.obj
 .time_critical.hw_handle_buff_status
                0x0000000020000498       0xa8 CMakeFiles/release.dir/home/jfhorwitz/pico/pico-sdk/lib/tinyusb/src/portable/raspberrypi/rp2040/dcd_rp2040.c.obj
 .time_critical.dcd_rp2040_irq
                0x0000000020000540      0x4d8 CMakeFiles/release.dir/home/jfhorwitz/pico/pico-sdk/lib/tinyusb/src/portable/raspberrypi/rp2040/dcd_rp2040.c.obj
 .time_critical.e15_is_bulkin_ep
                0x0000000020000a18       0x28 CMakeFiles/release.dir/home/jfhorwitz/pico/pico-sdk/lib/tinyusb/src/portable/raspberrypi/rp2040/rp2040_usb.c.obj
 .time_critical.e15_is_critical_frame_period
                0x0000000020000a40       0x34 CMakeFiles/release.dir/home/jfhorwitz/pico/pico-sdk/lib/tinyusb/src/portable/raspberrypi/rp2040/rp2040_usb.c.obj
 .time_critical.prepare_ep_buffer
                0x0000000020000a74       0x70 CMakeFiles/release.dir/home/jfhorwitz/pico/pico-sdk/lib/tinyusb/src/portable/raspberrypi/rp2040/rp2040_usb.c.obj
 .time_critical.sync_ep_buffer
                0x0000000020000ae4       0x4c CMakeFiles/release.dir/home/jfhorwitz/pico/pico-sdk/lib/tinyusb/src/portable/raspberrypi/rp2040/rp2040_usb.c.obj
 .time_critical._hw_endpoint_xfer_sync
                0x0000000020000b30       0x28 CMakeFiles/release.dir/home/jfhorwitz/pico/pico-sdk/lib/tinyusb/src/portable/raspberrypi/rp2040/rp2040_usb.c.obj
 .time_critical.hw_endpoint_reset_transfer
                0x0000000020000b58        0xc CMakeFiles/release.dir/home/jfhorwitz/pico/pico-sdk/lib/tinyusb/src/portable/raspberrypi/rp2040/rp2040_usb.c.obj
                0x0000000020000b58                hw_endpoint_reset_transfer
 .time_critical._hw_endpoint_buffer_control_update32
                0x0000000020000b64       0x58 CMakeFiles/release.dir/home/jfhorwitz/pico/pico-sdk/lib/tinyusb/src/portable/raspberrypi/rp2040/rp2040_usb.c.obj
                0x0000000020000b64                _hw_endpoint_buffer_control_update32
 .time_critical.hw_endpoint_start_next_buffer
                0x0000000020000bbc       0x6c CMakeFiles/release.dir/home/jfhorwitz/pico/pico-sdk/lib/tinyusb/src/portable/raspberrypi/rp2040/rp2040_usb.c.obj
                0x0000000020000bbc                hw_endpoint_start_next_buffer
 .time_critical.hw_endpoint_xfer_continue
                0x0000000020000c28       0x50 CMakeFiles/release.dir/home/jfhorwitz/pico/pico-sdk/lib/tinyusb/src/portable/raspberrypi/rp2040/rp2040_usb.c.obj
                0x0000000020000c28                hw_endpoint_xfer_continue
 .time_critical.tinyusb
                0x0000000020000c78      0x170 CMakeFiles/release.dir/home/jfhorwitz/pico/pico-sdk/lib/tinyusb/src/device/usbd.c.obj
                0x0000000020000c78                dcd_event_handler
 *(.text*)
 .text          0x0000000020000de8        0x4 /usr/lib/gcc/arm-none-eabi/10.3.1/thumb/v6-m/nofp/libgcc.a(_dvmd_tls.o)
                0x0000000020000de8                __aeabi_ldiv0
                0x0000000020000de8                __aeabi_idiv0
 *fill*         0x0000000020000dec        0x4 
 .text.__stub   0x0000000020000df0       0x70 linker stubs
                0x0000000020000e60                . = ALIGN (0x4)
 *(.rodata*)
                0x0000000020000e60                . = ALIGN (0x4)
 *(.data*)
 .data.bmi270_map_int
                0x0000000020000e60       0x10 CMakeFiles/release.dir/bmi270.c.obj
                0x0000000020000e60                bmi270_map_int
 .data.striped_spin_lock_num
                0x0000000020000e70        0x1 CMakeFiles/release.dir/home/jfhorwitz/pico/pico-sdk/src/rp2_common/hardware_sync/sync.c.obj
 *fill*         0x0000000020000e71        0x3 
 .data          0x0000000020000e74       0x48 CMakeFiles/release.dir/home/jfhorwitz/pico/pico-sdk/src/rp2_common/hardware_irq/irq_handler_chain.S.obj
                0x0000000020000e74                irq_handler_chain_slots
                0x0000000020000ea4                irq_handler_chain_first_slot
                0x0000000020000eae                irq_handler_chain_remove_tail
 .data.default_alarm_pool
                0x0000000020000ebc       0x18 CMakeFiles/release.dir/home/jfhorwitz/pico/pico-sdk/src/common/pico_time/time.c.obj
 .data.default_alarm_pool_heap
                0x0000000020000ed4       0x10 CMakeFiles/release.dir/home/jfhorwitz/pico/pico-sdk/src/common/pico_time/time.c.obj
 *fill*         0x0000000020000ee4        0xc 
 .data.aeabi_bits_funcs
                0x0000000020000ef0       0x10 CMakeFiles/release.dir/home/jfhorwitz/pico/pico-sdk/src/rp2_common/pico_bit_ops/bit_ops_aeabi.S.obj
                0x0000000020000ef0                aeabi_bits_funcs
                0x0000000020000f00                aeabi_bits_funcs_end
 .data.aeabi_mem_funcs
                0x0000000020000f00       0x10 CMakeFiles/release.dir/home/jfhorwitz/pico/pico-sdk/src/rp2_common/pico_mem_ops/mem_ops_aeabi.S.obj
                0x0000000020000f00                aeabi_mem_funcs
                0x0000000020000f10                aeabi_mem_funcs_end
 .data.stdio_usb
                0x0000000020000f10       0x18 CMakeFiles/release.dir/home/jfhorwitz/pico/pico-sdk/src/rp2_common/pico_stdio_usb/stdio_usb.c.obj
                0x0000000020000f10                stdio_usb
 .data.ep_dir_string
                0x0000000020000f28        0x8 CMakeFiles/release.dir/home/jfhorwitz/pico/pico-sdk/lib/tinyusb/src/portable/raspberrypi/rp2040/rp2040_usb.c.obj
                0x0000000020000f28                ep_dir_string
 .data._usbd_qdef
                0x0000000020000f30       0x1c CMakeFiles/release.dir/home/jfhorwitz/pico/pico-sdk/lib/tinyusb/src/device/usbd.c.obj
                0x0000000020000f30                _usbd_qdef
 .data._usbd_rhport
                0x0000000020000f4c        0x1 CMakeFiles/release.dir/home/jfhorwitz/pico/pico-sdk/lib/tinyusb/src/device/usbd.c.obj
 *fill*         0x0000000020000f4d        0x3 
 .data.i2c0_inst
                0x0000000020000f50        0x8 CMakeFiles/release.dir/home/jfhorwitz/pico/pico-sdk/src/rp2_common/hardware_i2c/i2c.c.obj
                0x0000000020000f50                i2c0_inst
 .data          0x0000000020000f58      0x430 /usr/lib/gcc/arm-none-eabi/10.3.1/../../../arm-none-eabi/lib/thumb/v6-m/nofp/libc.a(lib_a-impure.o)
                0x0000000020000f58                _impure_ptr
 .data          0x0000000020001388      0x410 /usr/lib/gcc/arm-none-eabi/10.3.1/../../../arm-none-eabi/lib/thumb/v6-m/nofp/libc.a(lib_a-mallocr.o)
                0x0000000020001388                __malloc_sbrk_base
                0x000000002000138c                __malloc_trim_threshold
                0x0000000020001390                __malloc_av_
                0x0000000020001798                . = ALIGN (0x4)
 *(.after_data.*)
                0x0000000020001798                . = ALIGN (0x4)
                0x0000000020001798                PROVIDE (__mutex_array_start = .)
 *(SORT_BY_NAME(.mutex_array.*))
 *(.mutex_array)
 .mutex_array   0x0000000020001798        0x8 CMakeFiles/release.dir/home/jfhorwitz/pico/pico-sdk/src/rp2_common/pico_malloc/pico_malloc.c.obj
 .mutex_array   0x00000000200017a0        0x8 CMakeFiles/release.dir/home/jfhorwitz/pico/pico-sdk/src/rp2_common/pico_stdio/stdio.c.obj
                0x00000000200017a8                PROVIDE (__mutex_array_end = .)
                0x00000000200017a8                . = ALIGN (0x4)
                0x00000000200017a8                PROVIDE (__preinit_array_start = .)
 *(SORT_BY_NAME(.preinit_array.*))
 .preinit_array.00001
                0x00000000200017a8        0x4 CMakeFiles/release.dir/home/jfhorwitz/pico/pico-sdk/src/rp2_common/pico_mem_ops/mem_ops_aeabi.S.obj
 .preinit_array.00010
                0x00000000200017ac        0x4 CMakeFiles/release.dir/home/jfhorwitz/pico/pico-sdk/src/rp2_common/pico_bit_ops/bit_ops_aeabi.S.obj
 .preinit_array.00020
                0x00000000200017b0        0x4 CMakeFiles/release.dir/home/jfhorwitz/pico/pico-sdk/src/rp2_common/pico_double/double_aeabi.S.obj
 .preinit_array.00020
                0x00000000200017b4        0x4 CMakeFiles/release.dir/home/jfhorwitz/pico/pico-sdk/src/rp2_common/pico_float/float_aeabi.S.obj
 *(.preinit_array)
                0x00000000200017b8                PROVIDE (__preinit_array_end = .)
                0x00000000200017b8                . = ALIGN (0x4)
                0x00000000200017b8                PROVIDE (__init_array_start = .)
 *(SORT_BY_NAME(.init_array.*))
 *(.init_array)
 .init_array    0x00000000200017b8        0x4 /usr/lib/gcc/arm-none-eabi/10.3.1/thumb/v6-m/nofp/crtbegin.o
 .init_array    0x00000000200017bc        0x4 CMakeFiles/release.dir/home/jfhorwitz/pico/pico-sdk/src/rp2_common/pico_unique_id/unique_id.c.obj
                0x00000000200017c0                PROVIDE (__init_array_end = .)
                0x00000000200017c0                . = ALIGN (0x4)
                0x00000000200017c0                PROVIDE (__fini_array_start = .)
 *(SORT_BY_NAME(.fini_array.*))
 *(.fini_array)
                0x00000000200017c0                PROVIDE (__fini_array_end = .)
 *(.jcr)
                0x00000000200017c0                . = ALIGN (0x4)
                0x00000000200017c0                __data_end__ = .

.tm_clone_table
                0x00000000200017c0        0x0 load address 0x000000001000f758
 .tm_clone_table
                0x00000000200017c0        0x0 /usr/lib/gcc/arm-none-eabi/10.3.1/thumb/v6-m/nofp/crtbegin.o
 .tm_clone_table
                0x00000000200017c0        0x0 /usr/lib/gcc/arm-none-eabi/10.3.1/thumb/v6-m/nofp/crtend.o

.igot.plt       0x00000000200017c0        0x0 load address 0x000000001000f758
 .igot.plt      0x00000000200017c0        0x0 /usr/lib/gcc/arm-none-eabi/10.3.1/thumb/v6-m/nofp/crtbegin.o

.uninitialized_data
                0x00000000200017c0        0x0 load address 0x000000001000f758
                0x00000000200017c0                . = ALIGN (0x4)
 *(.uninitialized_data*)

.scratch_x      0x0000000020040000        0x0 load address 0x000000001000f758
                0x0000000020040000                __scratch_x_start__ = .
 *(.scratch_x.*)
                0x0000000020040000                . = ALIGN (0x4)
                0x0000000020040000                __scratch_x_end__ = .
                0x000000001000f758                __scratch_x_source__ = LOADADDR (.scratch_x)

.scratch_y      0x0000000020041000        0x0 load address 0x000000001000f758
                0x0000000020041000                __scratch_y_start__ = .
 *(.scratch_y.*)
                0x0000000020041000                . = ALIGN (0x4)
                0x0000000020041000                __scratch_y_end__ = .
                0x000000001000f758                __scratch_y_source__ = LOADADDR (.scratch_y)

.bss            0x00000000200017c0      0xe3c
                0x00000000200017c0                . = ALIGN (0x4)
                0x00000000200017c0                __bss_start__ = .
 *(SORT_BY_ALIGNMENT(SORT_BY_NAME(.bss*)))
 .bss.default_alarm_pool_entries
                0x00000000200017c0      0x100 CMakeFiles/release.dir/home/jfhorwitz/pico/pico-sdk/src/common/pico_time/time.c.obj
 .bss.last_avail_time.1
                0x00000000200018c0        0x8 CMakeFiles/release.dir/home/jfhorwitz/pico/pico-sdk/src/rp2_common/pico_stdio_usb/stdio_usb.c.obj
 .bss.leds      0x00000000200018c8       0x64 CMakeFiles/release.dir/main.c.obj
                0x00000000200018c8                leds
 *fill*         0x000000002000192c        0x4 
 .bss.sd_table  0x0000000020001930      0x100 CMakeFiles/release.dir/home/jfhorwitz/pico/pico-sdk/src/rp2_common/pico_double/double_init_rom.c.obj
                0x0000000020001930                sd_table
 .bss.sf_table  0x0000000020001a30      0x100 CMakeFiles/release.dir/home/jfhorwitz/pico/pico-sdk/src/rp2_common/pico_float/float_init_rom.c.obj
                0x0000000020001a30                sf_table
 .bss           0x0000000020001b30       0x1c /usr/lib/gcc/arm-none-eabi/10.3.1/thumb/v6-m/nofp/crtbegin.o
 .bss           0x0000000020001b4c       0x34 /usr/lib/gcc/arm-none-eabi/10.3.1/../../../arm-none-eabi/lib/thumb/v6-m/nofp/libc.a(lib_a-mallocr.o)
                0x0000000020001b4c                __malloc_top_pad
                0x0000000020001b50                __malloc_current_mallinfo
                0x0000000020001b78                __malloc_max_sbrked_mem
                0x0000000020001b7c                __malloc_max_total_mem
 .bss           0x0000000020001b80        0x4 /usr/lib/gcc/arm-none-eabi/10.3.1/../../../arm-none-eabi/lib/thumb/v6-m/nofp/libc.a(lib_a-reent.o)
                0x0000000020001b80                errno
 .bss._app_driver
                0x0000000020001b84        0x4 CMakeFiles/release.dir/home/jfhorwitz/pico/pico-sdk/lib/tinyusb/src/device/usbd.c.obj
 .bss._cdcd_itf
                0x0000000020001b88      0x2c8 CMakeFiles/release.dir/home/jfhorwitz/pico/pico-sdk/lib/tinyusb/src/class/cdc/cdc_device.c.obj
 .bss._ctrl_xfer
                0x0000000020001e50       0x14 CMakeFiles/release.dir/home/jfhorwitz/pico/pico-sdk/lib/tinyusb/src/device/usbd_control.c.obj
 .bss._ubsd_mutexdef
                0x0000000020001e64        0x8 CMakeFiles/release.dir/home/jfhorwitz/pico/pico-sdk/lib/tinyusb/src/device/usbd.c.obj
 .bss._usbd_ctrl_buf
                0x0000000020001e6c       0x40 CMakeFiles/release.dir/home/jfhorwitz/pico/pico-sdk/lib/tinyusb/src/device/usbd_control.c.obj
 .bss._usbd_dev
                0x0000000020001eac       0x53 CMakeFiles/release.dir/home/jfhorwitz/pico/pico-sdk/lib/tinyusb/src/device/usbd.c.obj
 *fill*         0x0000000020001eff        0x1 
 .bss._usbd_mutex
                0x0000000020001f00        0x4 CMakeFiles/release.dir/home/jfhorwitz/pico/pico-sdk/lib/tinyusb/src/device/usbd.c.obj
 .bss._usbd_q   0x0000000020001f04        0x4 CMakeFiles/release.dir/home/jfhorwitz/pico/pico-sdk/lib/tinyusb/src/device/usbd.c.obj
 .bss._usbd_qdef_buf
                0x0000000020001f08       0xc0 CMakeFiles/release.dir/home/jfhorwitz/pico/pico-sdk/lib/tinyusb/src/device/usbd.c.obj
                0x0000000020001f08                _usbd_qdef_buf
 .bss._used_instruction_space
                0x0000000020001fc8        0x8 CMakeFiles/release.dir/home/jfhorwitz/pico/pico-sdk/src/rp2_common/hardware_pio/pio.c.obj
 .bss.alarm_callbacks
                0x0000000020001fd0       0x10 CMakeFiles/release.dir/home/jfhorwitz/pico/pico-sdk/src/rp2_common/hardware_timer/timer.c.obj
 .bss.boot2_copyout
                0x0000000020001fe0      0x100 CMakeFiles/release.dir/home/jfhorwitz/pico/pico-sdk/src/rp2_common/hardware_flash/flash.c.obj
 .bss.chars_available_callback
                0x00000000200020e0        0x4 CMakeFiles/release.dir/home/jfhorwitz/pico/pico-sdk/src/rp2_common/pico_stdio_usb/stdio_usb.c.obj
 .bss.chars_available_param
                0x00000000200020e4        0x4 CMakeFiles/release.dir/home/jfhorwitz/pico/pico-sdk/src/rp2_common/pico_stdio_usb/stdio_usb.c.obj
 .bss.claimed   0x00000000200020e8        0x4 CMakeFiles/release.dir/home/jfhorwitz/pico/pico-sdk/src/rp2_common/hardware_sync/sync.c.obj
 .bss.configured_freq
                0x00000000200020ec       0x28 CMakeFiles/release.dir/home/jfhorwitz/pico/pico-sdk/src/rp2_common/hardware_clocks/clocks.c.obj
 .bss.data      0x0000000020002114        0x4 CMakeFiles/release.dir/main.c.obj
                0x0000000020002114                data
 .bss.default_alarm_pool_entry_ids_high
                0x0000000020002118       0x10 CMakeFiles/release.dir/home/jfhorwitz/pico/pico-sdk/src/common/pico_time/time.c.obj
 .bss.default_alarm_pool_heap_nodes
                0x0000000020002128       0x30 CMakeFiles/release.dir/home/jfhorwitz/pico/pico-sdk/src/common/pico_time/time.c.obj
 .bss.desc_str.0
                0x0000000020002158       0x28 CMakeFiles/release.dir/home/jfhorwitz/pico/pico-sdk/src/rp2_common/pico_stdio_usb/stdio_usb_descriptors.c.obj
 .bss.drivers   0x0000000020002180        0x4 CMakeFiles/release.dir/home/jfhorwitz/pico/pico-sdk/src/rp2_common/pico_stdio/stdio.c.obj
 .bss.e15_last_sof
                0x0000000020002184        0x4 CMakeFiles/release.dir/home/jfhorwitz/pico/pico-sdk/lib/tinyusb/src/portable/raspberrypi/rp2040/rp2040_usb.c.obj
                0x0000000020002184                e15_last_sof
 .bss.filter    0x0000000020002188        0x4 CMakeFiles/release.dir/home/jfhorwitz/pico/pico-sdk/src/rp2_common/pico_stdio/stdio.c.obj
 .bss.heap_end.0